#
# There is insufficient memory for the Java Runtime Environment to continue.
# Native memory allocation (malloc) failed to allocate 32744 bytes. Error detail: Chunk::new
# Possible reasons:
#   The system is out of physical RAM or swap space
#   This process is running with CompressedOops enabled, and the Java Heap may be blocking the growth of the native heap
# Possible solutions:
#   Reduce memory load on the system
#   Increase physical memory or swap space
#   Check if swap backing store is full
#   Decrease Java heap size (-Xmx/-Xms)
#   Decrease number of Java threads
#   Decrease Java thread stack sizes (-Xss)
#   Set larger code cache with -XX:ReservedCodeCacheSize=
#   JVM is running with Unscaled Compressed Oops mode in which the Java heap is
#     placed in the first 4GB address space. The Java Heap base address is the
#     maximum limit for the native heap growth. Please use -XX:HeapBaseMinAddress
#     to set the Java Heap base and to place the Java Heap above 4GB virtual address.
# This output file may be truncated or incomplete.
#
#  Out of Memory Error (arena.cpp:168), pid=6560, tid=11632
#
# JRE version: OpenJDK Runtime Environment Temurin-21.0.12.1+1 (21.0.12.1+1) (build 21.0.12.1+1-LTS)
# Java VM: OpenJDK 64-Bit Server VM Temurin-21.0.12.1+1 (21.0.12.1+1-LTS, mixed mode, sharing, tiered, compressed oops, compressed class ptrs, parallel gc, windows-amd64)
# No core dump will be written. Minidumps are not enabled by default on client versions of Windows
#

---------------  S U M M A R Y ------------

Command Line: --add-modules=ALL-SYSTEM --add-opens=java.base/java.util=ALL-UNNAMED --add-opens=java.base/java.lang=ALL-UNNAMED --add-opens=java.base/sun.nio.fs=ALL-UNNAMED -Declipse.application=org.eclipse.jdt.ls.core.id1 -Dosgi.bundles.defaultStartLevel=4 -Declipse.product=org.eclipse.jdt.ls.core.product -Djava.import.generatesMetadataFilesAtProjectRoot=false -Dm2e.project.cache.size=50 -DDetectVMInstallationsJob.disabled=true -Dfile.encoding=utf8 -XX:+UseParallelGC -XX:GCTimeRatio=4 -XX:AdaptiveSizePolicyWeight=90 -Dsun.zip.disableMemoryMapping=true -Xmx2G -Xms100m -Xlog:disable -javaagent:c:\Users\Admin\.vscode\extensions\redhat.java-1.56.0-win32-x64\lombok\lombok-1.18.39-4050.jar -XX:+HeapDumpOnOutOfMemoryError -XX:HeapDumpPath=c:\Users\Admin\AppData\Roaming\Code\User\workspaceStorage\c5bfaad0ac5dc3b05eb2e708e3ac4969\redhat.java -Daether.dependencyCollector.impl=bf c:\Users\Admin\.vscode\extensions\redhat.java-1.56.0-win32-x64\server\plugins\org.eclipse.equinox.launcher_1.8.0.v20260804-1928.jar -configuration c:\Users\Admin\AppData\Roaming\Code\User\globalStorage\redhat.java\1.56.0\config_win -data c:\Users\Admin\AppData\Roaming\Code\User\workspaceStorage\c5bfaad0ac5dc3b05eb2e708e3ac4969\redhat.java\jdt_ws --stdio

Host: 11th Gen Intel(R) Core(TM) i5-1135G7 @ 2.40GHz, 8 cores, 7G,  Windows 11 , 64 bit Build 26100 (10.0.26100.4768)
Time: Fri Sep 25 14:17:47 2026 SE Asia Standard Time elapsed time: 58.551012 seconds (0d 0h 0m 58s)

---------------  T H R E A D  ---------------

Current thread (0x00000221517a4c80):  JavaThread "C2 CompilerThread0" daemon [_thread_in_native, id=11632, stack(0x0000009b61e00000,0x0000009b61f00000) (1024K)]


Current CompileTask:
C2:58551 15118   !   4       org.eclipse.jdt.internal.core.ClasspathEntry::validateClasspath (2720 bytes)

Stack: [0x0000009b61e00000,0x0000009b61f00000]
Native frames: (J=compiled Java code, j=interpreted, Vv=VM code, C=native code)
V  [jvm.dll+0x6d83e9]
V  [jvm.dll+0x8b5736]
V  [jvm.dll+0x8b7cee]
V  [jvm.dll+0x8b83d3]
V  [jvm.dll+0x284596]
V  [jvm.dll+0xc685d]
V  [jvm.dll+0xc6da1]
V  [jvm.dll+0x20be3f]
V  [jvm.dll+0x20cdf2]
V  [jvm.dll+0x20c22e]
V  [jvm.dll+0x1f6d00]
V  [jvm.dll+0x14a0be]
V  [jvm.dll+0x2f876a]
V  [jvm.dll+0x2fa762]
V  [jvm.dll+0x6f2873]
V  [jvm.dll+0x6ea969]
V  [jvm.dll+0x6ea069]
V  [jvm.dll+0x6e80ee]
V  [jvm.dll+0x1ce4fc]
V  [jvm.dll+0x1cf09e]
V  [jvm.dll+0x2fa7dc]
V  [jvm.dll+0x6f2873]
V  [jvm.dll+0x6ea969]
V  [jvm.dll+0x6ea069]
V  [jvm.dll+0x6e80ee]
V  [jvm.dll+0x1ce4fc]
V  [jvm.dll+0x24b919]
V  [jvm.dll+0x1cb4ae]
V  [jvm.dll+0x25baad]
V  [jvm.dll+0x25a03a]
V  [jvm.dll+0x3f8aae]
V  [jvm.dll+0x8600cd]
V  [jvm.dll+0x6d6c1d]
C  [ucrtbase.dll+0x37b0]
C  [KERNEL32.DLL+0x2e8d7]
C  [ntdll.dll+0x3c34c]


---------------  P R O C E S S  ---------------

Threads class SMR info:
_java_thread_list=0x000002219aafb820, length=96, elements={
0x000002213903c810, 0x00000221390ee6c0, 0x00000221517910f0, 0x0000022151796290,
0x0000022151798f80, 0x000002215179c230, 0x000002215179e610, 0x00000221517a4c80,
0x00000221517a6710, 0x0000022194417220, 0x0000022194539d70, 0x000002219931d9a0,
0x0000022194e092f0, 0x0000022194e0a010, 0x0000022194e085d0, 0x0000022194e078b0,
0x0000022194e07f40, 0x0000022194e0a6a0, 0x0000022194e0ad30, 0x0000022199751dd0,
0x0000022199752af0, 0x0000022199750390, 0x000002219974fd00, 0x0000022199753ea0,
0x0000022199753810, 0x0000022199750a20, 0x0000022199754530, 0x00000221997510b0,
0x0000022199755f70, 0x0000022199754bc0, 0x00000221997558e0, 0x0000022199756600,
0x0000022199756c90, 0x0000022199757320, 0x000002219d400880, 0x000002219d4015a0,
0x000002219d3ffb60, 0x000002219d4022c0, 0x000002219d4001f0, 0x000002219d401c30,
0x000002219d402950, 0x00000221a62b68b0, 0x00000221a62b5b90, 0x00000221a62b6f40,
0x00000221a62b4150, 0x00000221a62b82f0, 0x00000221a62b7c60, 0x00000221a62b8980,
0x00000221a62b5500, 0x00000221a62b9d30, 0x00000221a62b96a0, 0x00000221a62ba3c0,
0x00000221a62bb0e0, 0x0000022194e08c60, 0x00000221a68bfa90, 0x00000221a68c1b60,
0x00000221a68c35a0, 0x00000221a68c2f10, 0x00000221a68c0120, 0x00000221a68c0e40,
0x00000221a68c14d0, 0x00000221a68c21f0, 0x00000221a68c07b0, 0x00000221a68c6390,
0x00000221a68c4fe0, 0x00000221a68c4950, 0x00000221a68c5670, 0x00000221a68c70b0,
0x00000221a68c42c0, 0x000002219d55be10, 0x000002219d55b780, 0x000002219d55aa60,
0x000002219d559d40, 0x000002219d55b0f0, 0x000002219d55cb30, 0x000002219d55d850,
0x000002219d55a3d0, 0x000002219d560cd0, 0x000002219d55f920, 0x000002219d55d1c0,
0x000002219d55ec00, 0x000002219d55f290, 0x000002219d55ffb0, 0x000002219d55e570,
0x00000221a6505500, 0x00000221a6503430, 0x00000221a65047e0, 0x00000221a6505b90,
0x00000221a6506220, 0x00000221a6503ac0, 0x00000221a65068b0, 0x00000221a6504150,
0x00000221a6507c60, 0x00000221a6506f40, 0x00000221a65075d0, 0x00000221a6504e70
}

Java Threads: ( => current thread )
  0x000002213903c810 JavaThread "main"                              [_thread_blocked, id=15724, stack(0x0000009b61400000,0x0000009b61500000) (1024K)]
  0x00000221390ee6c0 JavaThread "Reference Handler"          daemon [_thread_blocked, id=13812, stack(0x0000009b61800000,0x0000009b61900000) (1024K)]
  0x00000221517910f0 JavaThread "Finalizer"                  daemon [_thread_blocked, id=16880, stack(0x0000009b61900000,0x0000009b61a00000) (1024K)]
  0x0000022151796290 JavaThread "Signal Dispatcher"          daemon [_thread_blocked, id=6548, stack(0x0000009b61a00000,0x0000009b61b00000) (1024K)]
  0x0000022151798f80 JavaThread "Attach Listener"            daemon [_thread_blocked, id=6344, stack(0x0000009b61b00000,0x0000009b61c00000) (1024K)]
  0x000002215179c230 JavaThread "Service Thread"             daemon [_thread_blocked, id=17532, stack(0x0000009b61c00000,0x0000009b61d00000) (1024K)]
  0x000002215179e610 JavaThread "Monitor Deflation Thread"   daemon [_thread_blocked, id=2628, stack(0x0000009b61d00000,0x0000009b61e00000) (1024K)]
=>0x00000221517a4c80 JavaThread "C2 CompilerThread0"         daemon [_thread_in_native, id=11632, stack(0x0000009b61e00000,0x0000009b61f00000) (1024K)]
  0x00000221517a6710 JavaThread "C1 CompilerThread0"         daemon [_thread_blocked, id=16672, stack(0x0000009b61f00000,0x0000009b62000000) (1024K)]
  0x0000022194417220 JavaThread "Common-Cleaner"             daemon [_thread_blocked, id=17448, stack(0x0000009b62000000,0x0000009b62100000) (1024K)]
  0x0000022194539d70 JavaThread "Notification Thread"        daemon [_thread_blocked, id=15932, stack(0x0000009b62200000,0x0000009b62300000) (1024K)]
  0x000002219931d9a0 JavaThread "Active Thread: Equinox Container: b6e0750f-9e0d-429b-9d90-492676e877b7"        [_thread_blocked, id=8884, stack(0x0000009b62a00000,0x0000009b62b00000) (1024K)]
  0x0000022194e092f0 JavaThread "Refresh Thread: Equinox Container: b6e0750f-9e0d-429b-9d90-492676e877b7" daemon [_thread_blocked, id=18076, stack(0x0000009b62c00000,0x0000009b62d00000) (1024K)]
  0x0000022194e0a010 JavaThread "Framework Event Dispatcher: Equinox Container: b6e0750f-9e0d-429b-9d90-492676e877b7" daemon [_thread_blocked, id=18388, stack(0x0000009b62d00000,0x0000009b62e00000) (1024K)]
  0x0000022194e085d0 JavaThread "Start Level: Equinox Container: b6e0750f-9e0d-429b-9d90-492676e877b7" daemon [_thread_blocked, id=17888, stack(0x0000009b62e00000,0x0000009b62f00000) (1024K)]
  0x0000022194e078b0 JavaThread "Bundle File Closer"         daemon [_thread_blocked, id=14996, stack(0x0000009b62f00000,0x0000009b63000000) (1024K)]
  0x0000022194e07f40 JavaThread "SCR Component Actor"        daemon [_thread_blocked, id=6580, stack(0x0000009b62100000,0x0000009b62200000) (1024K)]
  0x0000022194e0a6a0 JavaThread "Worker-JM"                         [_thread_blocked, id=740, stack(0x0000009b63000000,0x0000009b63100000) (1024K)]
  0x0000022194e0ad30 JavaThread "JNA Cleaner"                daemon [_thread_blocked, id=3988, stack(0x0000009b62300000,0x0000009b62400000) (1024K)]
  0x0000022199751dd0 JavaThread "Worker-2"                          [_thread_blocked, id=13696, stack(0x0000009b63400000,0x0000009b63500000) (1024K)]
  0x0000022199752af0 JavaThread "Java indexing"              daemon [_thread_blocked, id=14004, stack(0x0000009b63500000,0x0000009b63600000) (1024K)]
  0x0000022199750390 JavaThread "Worker-3"                          [_thread_blocked, id=7728, stack(0x0000009b63700000,0x0000009b63800000) (1024K)]
  0x000002219974fd00 JavaThread "Worker-5"                          [_thread_blocked, id=2580, stack(0x0000009b63b00000,0x0000009b63c00000) (1024K)]
  0x0000022199753ea0 JavaThread "Worker-6"                          [_thread_blocked, id=13220, stack(0x0000009b63c00000,0x0000009b63d00000) (1024K)]
  0x0000022199753810 JavaThread "pool-2-thread-1"                   [_thread_blocked, id=3184, stack(0x0000009b63d00000,0x0000009b63e00000) (1024K)]
  0x0000022199750a20 JavaThread "WorkspaceEventsHandler"            [_thread_blocked, id=17300, stack(0x0000009b63e00000,0x0000009b63f00000) (1024K)]
  0x0000022199754530 JavaThread "pool-1-thread-1"                   [_thread_blocked, id=17488, stack(0x0000009b63f00000,0x0000009b64000000) (1024K)]
  0x00000221997510b0 JavaThread "LocalFile Deleter"          daemon [_thread_blocked, id=12264, stack(0x0000009b64000000,0x0000009b64100000) (1024K)]
  0x0000022199755f70 JavaThread "LocalFile Deleter"          daemon [_thread_blocked, id=15552, stack(0x0000009b64100000,0x0000009b64200000) (1024K)]
  0x0000022199754bc0 JavaThread "LocalFile Deleter"          daemon [_thread_blocked, id=4268, stack(0x0000009b64200000,0x0000009b64300000) (1024K)]
  0x00000221997558e0 JavaThread "Compiler Source File Reader" daemon [_thread_blocked, id=11496, stack(0x0000009b64300000,0x0000009b64400000) (1024K)]
  0x0000022199756600 JavaThread "Compiler Source File Reader" daemon [_thread_blocked, id=5988, stack(0x0000009b64400000,0x0000009b64500000) (1024K)]
  0x0000022199756c90 JavaThread "Compiler Source File Reader" daemon [_thread_blocked, id=13388, stack(0x0000009b64500000,0x0000009b64600000) (1024K)]
  0x0000022199757320 JavaThread "Compiler Source File Reader" daemon [_thread_blocked, id=14568, stack(0x0000009b64600000,0x0000009b64700000) (1024K)]
  0x000002219d400880 JavaThread "Compiler Source File Reader" daemon [_thread_blocked, id=14392, stack(0x0000009b64700000,0x0000009b64800000) (1024K)]
  0x000002219d4015a0 JavaThread "Compiler Source File Reader" daemon [_thread_blocked, id=6516, stack(0x0000009b64800000,0x0000009b64900000) (1024K)]
  0x000002219d3ffb60 JavaThread "Compiler Processing Task"   daemon [_thread_blocked, id=16072, stack(0x0000009b64900000,0x0000009b64a00000) (1024K)]
  0x000002219d4022c0 JavaThread "Compiler Class File Writer" daemon [_thread_blocked, id=8552, stack(0x0000009b64a00000,0x0000009b64b00000) (1024K)]
  0x000002219d4001f0 JavaThread "Compiler Class File Writer" daemon [_thread_blocked, id=836, stack(0x0000009b64b00000,0x0000009b64c00000) (1024K)]
  0x000002219d401c30 JavaThread "Compiler Class File Writer" daemon [_thread_blocked, id=13732, stack(0x0000009b64c00000,0x0000009b64d00000) (1024K)]
  0x000002219d402950 JavaThread "Compiler Class File Writer" daemon [_thread_blocked, id=3112, stack(0x0000009b64d00000,0x0000009b64e00000) (1024K)]
  0x00000221a62b68b0 JavaThread "Compiler Class File Writer" daemon [_thread_blocked, id=5504, stack(0x0000009b64e00000,0x0000009b64f00000) (1024K)]
  0x00000221a62b5b90 JavaThread "Compiler Class File Writer" daemon [_thread_blocked, id=14012, stack(0x0000009b64f00000,0x0000009b65000000) (1024K)]
  0x00000221a62b6f40 JavaThread "Worker-8"                          [_thread_blocked, id=11332, stack(0x0000009b65100000,0x0000009b65200000) (1024K)]
  0x00000221a62b4150 JavaThread "Worker-9"                          [_thread_blocked, id=17296, stack(0x0000009b65200000,0x0000009b65300000) (1024K)]
  0x00000221a62b82f0 JavaThread "Worker-10"                         [_thread_blocked, id=11648, stack(0x0000009b65300000,0x0000009b65400000) (1024K)]
  0x00000221a62b7c60 JavaThread "Worker-11"                         [_thread_blocked, id=16404, stack(0x0000009b65400000,0x0000009b65500000) (1024K)]
  0x00000221a62b8980 JavaThread "Worker-12"                         [_thread_blocked, id=14240, stack(0x0000009b65500000,0x0000009b65600000) (1024K)]
  0x00000221a62b5500 JavaThread "Worker-13"                         [_thread_blocked, id=18244, stack(0x0000009b65600000,0x0000009b65700000) (1024K)]
  0x00000221a62b9d30 JavaThread "Worker-14"                         [_thread_blocked, id=4468, stack(0x0000009b65700000,0x0000009b65800000) (1024K)]
  0x00000221a62b96a0 JavaThread "Worker-16"                         [_thread_blocked, id=17524, stack(0x0000009b65900000,0x0000009b65a00000) (1024K)]
  0x00000221a62ba3c0 JavaThread "Worker-17"                         [_thread_blocked, id=6308, stack(0x0000009b65a00000,0x0000009b65b00000) (1024K)]
  0x00000221a62bb0e0 JavaThread "Worker-18"                         [_thread_blocked, id=17720, stack(0x0000009b65b00000,0x0000009b65c00000) (1024K)]
  0x0000022194e08c60 JavaThread "Worker-19"                         [_thread_blocked, id=8872, stack(0x0000009b65c00000,0x0000009b65d00000) (1024K)]
  0x00000221a68bfa90 JavaThread "Worker-20"                         [_thread_blocked, id=6792, stack(0x0000009b65d00000,0x0000009b65e00000) (1024K)]
  0x00000221a68c1b60 JavaThread "Worker-21"                         [_thread_blocked, id=1004, stack(0x0000009b65e00000,0x0000009b65f00000) (1024K)]
  0x00000221a68c35a0 JavaThread "Worker-23"                         [_thread_blocked, id=17560, stack(0x0000009b66000000,0x0000009b66100000) (1024K)]
  0x00000221a68c2f10 JavaThread "Worker-24: Check JDK Index"        [_thread_blocked, id=3608, stack(0x0000009b66100000,0x0000009b66200000) (1024K)]
  0x00000221a68c0120 JavaThread "Worker-25"                         [_thread_blocked, id=16248, stack(0x0000009b66200000,0x0000009b66300000) (1024K)]
  0x00000221a68c0e40 JavaThread "Worker-27"                         [_thread_blocked, id=16852, stack(0x0000009b66400000,0x0000009b66500000) (1024K)]
  0x00000221a68c14d0 JavaThread "Worker-28"                         [_thread_blocked, id=10480, stack(0x0000009b66500000,0x0000009b66600000) (1024K)]
  0x00000221a68c21f0 JavaThread "Worker-29"                         [_thread_blocked, id=4580, stack(0x0000009b66600000,0x0000009b66700000) (1024K)]
  0x00000221a68c07b0 JavaThread "Worker-30"                         [_thread_blocked, id=12176, stack(0x0000009b66700000,0x0000009b66800000) (1024K)]
  0x00000221a68c6390 JavaThread "Worker-31: Initialize workspace"        [_thread_in_native, id=17124, stack(0x0000009b66800000,0x0000009b66900000) (1024K)]
  0x00000221a68c4fe0 JavaThread "Worker-32: Check JDK Index"        [_thread_blocked, id=11348, stack(0x0000009b66900000,0x0000009b66a00000) (1024K)]
  0x00000221a68c4950 JavaThread "Worker-33"                         [_thread_blocked, id=16792, stack(0x0000009b66a00000,0x0000009b66b00000) (1024K)]
  0x00000221a68c5670 JavaThread "Worker-34"                         [_thread_blocked, id=17596, stack(0x0000009b63600000,0x0000009b63700000) (1024K)]
  0x00000221a68c70b0 JavaThread "Worker-36"                         [_thread_blocked, id=5972, stack(0x0000009b66c00000,0x0000009b66d00000) (1024K)]
  0x00000221a68c42c0 JavaThread "Worker-37"                         [_thread_blocked, id=18352, stack(0x0000009b66d00000,0x0000009b66e00000) (1024K)]
  0x000002219d55be10 JavaThread "Worker-38"                         [_thread_blocked, id=17168, stack(0x0000009b66e00000,0x0000009b66f00000) (1024K)]
  0x000002219d55b780 JavaThread "Worker-40: Check JDK Index"        [_thread_blocked, id=10536, stack(0x0000009b67000000,0x0000009b67100000) (1024K)]
  0x000002219d55aa60 JavaThread "Worker-42: Initialize workspace"        [_thread_blocked, id=15812, stack(0x0000009b67200000,0x0000009b67300000) (1024K)]
  0x000002219d559d40 JavaThread "Worker-43"                         [_thread_blocked, id=11288, stack(0x0000009b67300000,0x0000009b67400000) (1024K)]
  0x000002219d55b0f0 JavaThread "Worker-44"                         [_thread_blocked, id=9568, stack(0x0000009b63300000,0x0000009b63400000) (1024K)]
  0x000002219d55cb30 JavaThread "Worker-46"                         [_thread_blocked, id=13656, stack(0x0000009b67500000,0x0000009b67600000) (1024K)]
  0x000002219d55d850 JavaThread "Worker-47"                         [_thread_blocked, id=13104, stack(0x0000009b67600000,0x0000009b67700000) (1024K)]
  0x000002219d55a3d0 JavaThread "Worker-48"                         [_thread_blocked, id=14620, stack(0x0000009b67700000,0x0000009b67800000) (1024K)]
  0x000002219d560cd0 JavaThread "Worker-49"                         [_thread_blocked, id=5736, stack(0x0000009b67800000,0x0000009b67900000) (1024K)]
  0x000002219d55f920 JavaThread "Worker-54"                         [_thread_blocked, id=17768, stack(0x0000009b67900000,0x0000009b67a00000) (1024K)]
  0x000002219d55d1c0 JavaThread "Worker-59"                         [_thread_blocked, id=16864, stack(0x0000009b67a00000,0x0000009b67b00000) (1024K)]
  0x000002219d55ec00 JavaThread "Worker-63"                         [_thread_blocked, id=14616, stack(0x0000009b67c00000,0x0000009b67d00000) (1024K)]
  0x000002219d55f290 JavaThread "PatternSearchJob-worker-1"  daemon [_thread_blocked, id=2712, stack(0x0000009b67e00000,0x0000009b67f00000) (1024K)]
  0x000002219d55ffb0 JavaThread "Worker-73"                         [_thread_blocked, id=14864, stack(0x0000009b67d00000,0x0000009b67e00000) (1024K)]
  0x000002219d55e570 JavaThread "Worker-79: Initialize workspace"        [_thread_in_native, id=10324, stack(0x0000009b67400000,0x0000009b67500000) (1024K)]
  0x00000221a6505500 JavaThread "Worker-84: Initialize workspace"        [_thread_in_native, id=6060, stack(0x0000009b67f00000,0x0000009b68000000) (1024K)]
  0x00000221a6503430 JavaThread "Worker-92"                         [_thread_blocked, id=13192, stack(0x0000009b68000000,0x0000009b68100000) (1024K)]
  0x00000221a65047e0 JavaThread "Worker-97"                         [_thread_blocked, id=17360, stack(0x0000009b68100000,0x0000009b68200000) (1024K)]
  0x00000221a6505b90 JavaThread "Worker-98"                         [_thread_blocked, id=17808, stack(0x0000009b68400000,0x0000009b68500000) (1024K)]
  0x00000221a6506220 JavaThread "PatternSearchJob-worker-2"  daemon [_thread_blocked, id=5556, stack(0x0000009b68300000,0x0000009b68400000) (1024K)]
  0x00000221a6503ac0 JavaThread "Worker-102"                        [_thread_blocked, id=17028, stack(0x0000009b68500000,0x0000009b68600000) (1024K)]
  0x00000221a65068b0 JavaThread "PatternSearchJob-worker-3"  daemon [_thread_blocked, id=17192, stack(0x0000009b68600000,0x0000009b68700000) (1024K)]
  0x00000221a6504150 JavaThread "PatternSearchJob-worker-4"  daemon [_thread_blocked, id=1224, stack(0x0000009b68700000,0x0000009b68800000) (1024K)]
  0x00000221a6507c60 JavaThread "PatternSearchJob-worker-5"  daemon [_thread_blocked, id=16120, stack(0x0000009b68800000,0x0000009b68900000) (1024K)]
  0x00000221a6506f40 JavaThread "PatternSearchJob-worker-6"  daemon [_thread_blocked, id=8544, stack(0x0000009b68900000,0x0000009b68a00000) (1024K)]
  0x00000221a65075d0 JavaThread "PatternSearchJob-worker-7"  daemon [_thread_in_Java, id=18020, stack(0x0000009b68a00000,0x0000009b68b00000) (1024K)]
  0x00000221a6504e70 JavaThread "Worker-106"                        [_thread_blocked, id=15844, stack(0x0000009b63200000,0x0000009b63300000) (1024K)]
Total: 96

Other Threads:
  0x00000221390d46c0 VMThread "VM Thread"                           [id=14656, stack(0x0000009b61700000,0x0000009b61800000) (1024K)]
  0x00000221390a1e70 WatcherThread "VM Periodic Task Thread"        [id=4152, stack(0x0000009b61600000,0x0000009b61700000) (1024K)]
  0x0000022139054db0 WorkerThread "GC Thread#0"                     [id=8076, stack(0x0000009b61500000,0x0000009b61600000) (1024K)]
  0x0000022194a73640 WorkerThread "GC Thread#1"                     [id=13344, stack(0x0000009b62400000,0x0000009b62500000) (1024K)]
  0x0000022194ae65a0 WorkerThread "GC Thread#2"                     [id=10396, stack(0x0000009b62500000,0x0000009b62600000) (1024K)]
  0x0000022194ae6950 WorkerThread "GC Thread#3"                     [id=16132, stack(0x0000009b62600000,0x0000009b62700000) (1024K)]
  0x000002219455f260 WorkerThread "GC Thread#4"                     [id=14580, stack(0x0000009b62700000,0x0000009b62800000) (1024K)]
  0x000002219455f610 WorkerThread "GC Thread#5"                     [id=14512, stack(0x0000009b62800000,0x0000009b62900000) (1024K)]
  0x0000022194afc900 WorkerThread "GC Thread#6"                     [id=16932, stack(0x0000009b62900000,0x0000009b62a00000) (1024K)]
  0x0000022194afd7c0 WorkerThread "GC Thread#7"                     [id=17288, stack(0x0000009b62b00000,0x0000009b62c00000) (1024K)]
Total: 10

Threads with active compile tasks:
C2 CompilerThread0  58610 15118   !   4       org.eclipse.jdt.internal.core.ClasspathEntry::validateClasspath (2720 bytes)
Total: 1

VM state: not at safepoint (normal execution)

VM Mutex/Monitor currently owned by a thread: None

Heap address: 0x0000000080000000, size: 2048 MB, Compressed Oops mode: 32-bit

CDS archive(s) mapped at: [0x0000022152000000-0x0000022152ba0000-0x0000022152ba0000), size 12189696, SharedBaseAddress: 0x0000022152000000, ArchiveRelocationMode: 1.
Compressed class space mapped at: 0x0000022153000000-0x0000022193000000, reserved size: 1073741824
Narrow klass base: 0x0000022152000000, Narrow klass shift: 0, Narrow klass range: 0x100000000

GC Precious Log:
 CardTable entry size: 512
 CPUs: 8 total, 8 available
 Memory: 7991M
 Large Page Support: Disabled
 NUMA Support: Disabled
 Compressed Oops: Enabled (32-bit)
 Alignments: Space 512K, Generation 512K, Heap 2M
 Heap Min Capacity: 100M
 Heap Initial Capacity: 100M
 Heap Max Capacity: 2G
 Pre-touch: Disabled
 Parallel Workers: 8

Heap:
 PSYoungGen      total 6656K, used 886K [0x00000000d5580000, 0x00000000d6180000, 0x0000000100000000)
  eden space 6144K, 6% used [0x00000000d5580000,0x00000000d55e38f0,0x00000000d5b80000)
  from space 512K, 95% used [0x00000000d5b80000,0x00000000d5bf9f90,0x00000000d5c00000)
  to   space 3072K, 0% used [0x00000000d5e80000,0x00000000d5e80000,0x00000000d6180000)
 ParOldGen       total 985600K, used 985247K [0x0000000080000000, 0x00000000bc280000, 0x00000000d5580000)
  object space 985600K, 99% used [0x0000000080000000,0x00000000bc227d98,0x00000000bc280000)
 Metaspace       used 64445K, committed 66176K, reserved 1114112K
  class space    used 6604K, committed 7424K, reserved 1048576K

Card table byte_map: [0x000002214cad0000,0x000002214cee0000] _byte_map_base: 0x000002214c6d0000

Marking Bits: (ParMarkBitMap*) 0x00007ff912f744a0
 Begin Bits: [0x000002214d190000, 0x000002214f190000)
 End Bits:   [0x000002214f190000, 0x0000022151190000)

Polling page: 0x0000022138db0000

Metaspace:

Usage:
  Non-class:     56.48 MB used.
      Class:      6.45 MB used.
       Both:     62.93 MB used.

Virtual space:
  Non-class space:       64.00 MB reserved,      57.38 MB ( 90%) committed,  1 nodes.
      Class space:        1.00 GB reserved,       7.25 MB ( <1%) committed,  1 nodes.
             Both:        1.06 GB reserved,      64.62 MB (  6%) committed. 

Chunk freelists:
   Non-Class:  6.20 MB
       Class:  8.68 MB
        Both:  14.88 MB

MaxMetaspaceSize: unlimited
CompressedClassSpaceSize: 1.00 GB
Initial GC threshold: 21.00 MB
Current GC threshold: 97.31 MB
CDS: on
 - commit_granule_bytes: 65536.
 - commit_granule_words: 8192.
 - virtual_space_node_default_size: 8388608.
 - enlarge_chunks_in_place: 1.
 - use_allocation_guard: 0.


Internal statistics:

num_allocs_failed_limit: 9.
num_arena_births: 1804.
num_arena_deaths: 40.
num_vsnodes_births: 2.
num_vsnodes_deaths: 0.
num_space_committed: 1034.
num_space_uncommitted: 0.
num_chunks_returned_to_freelist: 58.
num_chunks_taken_from_freelist: 5290.
num_chunk_merges: 13.
num_chunk_splits: 3015.
num_chunks_enlarged: 1297.
num_inconsistent_stats: 0.

CodeHeap 'non-profiled nmethods': size=120000Kb used=11959Kb max_used=11959Kb free=108040Kb
 bounds [0x00000221453c0000, 0x0000022145f70000, 0x000002214c8f0000]
CodeHeap 'profiled nmethods': size=120000Kb used=33778Kb max_used=33778Kb free=86221Kb
 bounds [0x000002213d8f0000, 0x000002213f9f0000, 0x0000022144e20000]
CodeHeap 'non-nmethods': size=5760Kb used=1435Kb max_used=1545Kb free=4324Kb
 bounds [0x0000022144e20000, 0x0000022145090000, 0x00000221453c0000]
CodeCache: size=245760Kb, used=47172Kb, max_used=47282Kb, free=198585Kb
 total_blobs=15120, nmethods=14380, adapters=645, full_count=0
Compilation: enabled, stopped_count=0, restarted_count=0

Compilation events (20 events):
Event: 55.197 Thread 0x00000221517a6710 nmethod 15105 0x000002213f9e4f10 code [0x000002213f9e51a0, 0x000002213f9e5f20]
Event: 55.201 Thread 0x00000221517a4c80 15109       4       org.eclipse.core.runtime.Path::isValidSegment (62 bytes)
Event: 55.202 Thread 0x00000221517a6710 15110   !   3       org.eclipse.jface.text.AbstractLineTracker$SessionData::setIfActive (61 bytes)
Event: 55.202 Thread 0x00000221517a6710 nmethod 15110 0x000002213f9e6390 code [0x000002213f9e65a0, 0x000002213f9e6c18]
Event: 55.202 Thread 0x00000221517a6710 15112       3       java.util.HashMap$HashMapSpliterator::<init> (32 bytes)
Event: 55.203 Thread 0x00000221517a6710 nmethod 15112 0x000002213f9e6e90 code [0x000002213f9e7040, 0x000002213f9e71d0]
Event: 55.203 Thread 0x00000221517a6710 15111       3       org.eclipse.jface.text.AbstractDocument::insertPositionUpdater (53 bytes)
Event: 55.203 Thread 0x00000221517a6710 nmethod 15111 0x000002213f9e7290 code [0x000002213f9e74a0, 0x000002213f9e7b10]
Event: 55.203 Thread 0x00000221517a6710 15113       3       org.eclipse.jface.text.AbstractDocument::<init> (127 bytes)
Event: 55.204 Thread 0x00000221517a6710 nmethod 15113 0x000002213f9e7d10 code [0x000002213f9e7f80, 0x000002213f9e8ba8]
Event: 55.204 Thread 0x00000221517a6710 15114       3       org.eclipse.jface.text.GapTextStore::adjustGap (89 bytes)
Event: 55.204 Thread 0x00000221517a4c80 nmethod 15109 0x0000022145f6d010 code [0x0000022145f6d1c0, 0x0000022145f6d390]
Event: 55.204 Thread 0x00000221517a6710 nmethod 15114 0x000002213f9e8f90 code [0x000002213f9e9160, 0x000002213f9e9448]
Event: 56.456 Thread 0x00000221517a4c80 15115       4       java.math.BigInteger::getInt (63 bytes)
Event: 56.458 Thread 0x00000221517a4c80 nmethod 15115 0x0000022145f6d590 code [0x0000022145f6d740, 0x0000022145f6d8a0]
Event: 56.527 Thread 0x00000221517a4c80 15116       4       java.net.URI::toString (16 bytes)
Event: 56.528 Thread 0x00000221517a4c80 nmethod 15116 0x0000022145f6da10 code [0x0000022145f6dba0, 0x0000022145f6dc50]
Event: 56.539 Thread 0x00000221517a6710 15117   !   3       org.eclipse.jdt.core.dom.AST::postRemoveChildEvent (63 bytes)
Event: 56.540 Thread 0x00000221517a4c80 15118   !   4       org.eclipse.jdt.internal.core.ClasspathEntry::validateClasspath (2720 bytes)
Event: 56.541 Thread 0x00000221517a6710 nmethod 15117 0x000002213f9e9590 code [0x000002213f9e97c0, 0x000002213f9ea138]

GC Heap History (20 events):
Event: 54.927 GC heap before
{Heap before GC invocations=1397 (full 3):
 PSYoungGen      total 6144K, used 6142K [0x00000000d5580000, 0x00000000d5f80000, 0x0000000100000000)
  eden space 4096K, 99% used [0x00000000d5580000,0x00000000d597fb18,0x00000000d5980000)
  from space 2048K, 100% used [0x00000000d5980000,0x00000000d5b80000,0x00000000d5b80000)
  to   space 3072K, 0% used [0x00000000d5c80000,0x00000000d5c80000,0x00000000d5f80000)
 ParOldGen       total 977408K, used 976970K [0x0000000080000000, 0x00000000bba80000, 0x00000000d5580000)
  object space 977408K, 99% used [0x0000000080000000,0x00000000bba12a28,0x00000000bba80000)
 Metaspace       used 64390K, committed 66048K, reserved 1114112K
  class space    used 6604K, committed 7424K, reserved 1048576K
}
Event: 54.931 GC heap after
{Heap after GC invocations=1397 (full 3):
 PSYoungGen      total 4608K, used 64K [0x00000000d5580000, 0x00000000d5d00000, 0x0000000100000000)
  eden space 4096K, 0% used [0x00000000d5580000,0x00000000d5580000,0x00000000d5980000)
  from space 512K, 12% used [0x00000000d5c80000,0x00000000d5c90000,0x00000000d5d00000)
  to   space 1536K, 0% used [0x00000000d5a00000,0x00000000d5a00000,0x00000000d5b80000)
 ParOldGen       total 979456K, used 979057K [0x0000000080000000, 0x00000000bbc80000, 0x00000000d5580000)
  object space 979456K, 99% used [0x0000000080000000,0x00000000bbc1c478,0x00000000bbc80000)
 Metaspace       used 64390K, committed 66048K, reserved 1114112K
  class space    used 6604K, committed 7424K, reserved 1048576K
}
Event: 54.971 GC heap before
{Heap before GC invocations=1398 (full 3):
 PSYoungGen      total 4608K, used 4160K [0x00000000d5580000, 0x00000000d5d00000, 0x0000000100000000)
  eden space 4096K, 100% used [0x00000000d5580000,0x00000000d5980000,0x00000000d5980000)
  from space 512K, 12% used [0x00000000d5c80000,0x00000000d5c90000,0x00000000d5d00000)
  to   space 1536K, 0% used [0x00000000d5a00000,0x00000000d5a00000,0x00000000d5b80000)
 ParOldGen       total 979456K, used 979057K [0x0000000080000000, 0x00000000bbc80000, 0x00000000d5580000)
  object space 979456K, 99% used [0x0000000080000000,0x00000000bbc1c478,0x00000000bbc80000)
 Metaspace       used 64395K, committed 66048K, reserved 1114112K
  class space    used 6604K, committed 7424K, reserved 1048576K
}
Event: 54.974 GC heap after
{Heap after GC invocations=1398 (full 3):
 PSYoungGen      total 5632K, used 192K [0x00000000d5580000, 0x00000000d5d00000, 0x0000000100000000)
  eden space 4096K, 0% used [0x00000000d5580000,0x00000000d5580000,0x00000000d5980000)
  from space 1536K, 12% used [0x00000000d5a00000,0x00000000d5a30000,0x00000000d5b80000)
  to   space 512K, 0% used [0x00000000d5c80000,0x00000000d5c80000,0x00000000d5d00000)
 ParOldGen       total 979456K, used 979073K [0x0000000080000000, 0x00000000bbc80000, 0x00000000d5580000)
  object space 979456K, 99% used [0x0000000080000000,0x00000000bbc20478,0x00000000bbc80000)
 Metaspace       used 64395K, committed 66048K, reserved 1114112K
  class space    used 6604K, committed 7424K, reserved 1048576K
}
Event: 55.039 GC heap before
{Heap before GC invocations=1399 (full 3):
 PSYoungGen      total 5632K, used 4287K [0x00000000d5580000, 0x00000000d5d00000, 0x0000000100000000)
  eden space 4096K, 99% used [0x00000000d5580000,0x00000000d597fff0,0x00000000d5980000)
  from space 1536K, 12% used [0x00000000d5a00000,0x00000000d5a30000,0x00000000d5b80000)
  to   space 512K, 0% used [0x00000000d5c80000,0x00000000d5c80000,0x00000000d5d00000)
 ParOldGen       total 979456K, used 979073K [0x0000000080000000, 0x00000000bbc80000, 0x00000000d5580000)
  object space 979456K, 99% used [0x0000000080000000,0x00000000bbc20478,0x00000000bbc80000)
 Metaspace       used 64395K, committed 66048K, reserved 1114112K
  class space    used 6604K, committed 7424K, reserved 1048576K
}
Event: 55.044 GC heap after
{Heap after GC invocations=1399 (full 3):
 PSYoungGen      total 4608K, used 128K [0x00000000d5580000, 0x00000000d5d00000, 0x0000000100000000)
  eden space 4096K, 0% used [0x00000000d5580000,0x00000000d5580000,0x00000000d5980000)
  from space 512K, 25% used [0x00000000d5c80000,0x00000000d5ca0000,0x00000000d5d00000)
  to   space 512K, 0% used [0x00000000d5c00000,0x00000000d5c00000,0x00000000d5c80000)
 ParOldGen       total 979456K, used 979185K [0x0000000080000000, 0x00000000bbc80000, 0x00000000d5580000)
  object space 979456K, 99% used [0x0000000080000000,0x00000000bbc3c488,0x00000000bbc80000)
 Metaspace       used 64395K, committed 66048K, reserved 1114112K
  class space    used 6604K, committed 7424K, reserved 1048576K
}
Event: 55.115 GC heap before
{Heap before GC invocations=1400 (full 3):
 PSYoungGen      total 4608K, used 4106K [0x00000000d5580000, 0x00000000d5d00000, 0x0000000100000000)
  eden space 4096K, 97% used [0x00000000d5580000,0x00000000d5962960,0x00000000d5980000)
  from space 512K, 25% used [0x00000000d5c80000,0x00000000d5ca0000,0x00000000d5d00000)
  to   space 512K, 0% used [0x00000000d5c00000,0x00000000d5c00000,0x00000000d5c80000)
 ParOldGen       total 979456K, used 979185K [0x0000000080000000, 0x00000000bbc80000, 0x00000000d5580000)
  object space 979456K, 99% used [0x0000000080000000,0x00000000bbc3c488,0x00000000bbc80000)
 Metaspace       used 64411K, committed 66112K, reserved 1114112K
  class space    used 6604K, committed 7424K, reserved 1048576K
}
Event: 55.118 GC heap after
{Heap after GC invocations=1400 (full 3):
 PSYoungGen      total 4608K, used 455K [0x00000000d5580000, 0x00000000d5d00000, 0x0000000100000000)
  eden space 4096K, 0% used [0x00000000d5580000,0x00000000d5580000,0x00000000d5980000)
  from space 512K, 89% used [0x00000000d5c00000,0x00000000d5c71f90,0x00000000d5c80000)
  to   space 512K, 0% used [0x00000000d5c80000,0x00000000d5c80000,0x00000000d5d00000)
 ParOldGen       total 979456K, used 979201K [0x0000000080000000, 0x00000000bbc80000, 0x00000000d5580000)
  object space 979456K, 99% used [0x0000000080000000,0x00000000bbc40488,0x00000000bbc80000)
 Metaspace       used 64411K, committed 66112K, reserved 1114112K
  class space    used 6604K, committed 7424K, reserved 1048576K
}
Event: 55.130 GC heap before
{Heap before GC invocations=1401 (full 3):
 PSYoungGen      total 4608K, used 4551K [0x00000000d5580000, 0x00000000d5d00000, 0x0000000100000000)
  eden space 4096K, 100% used [0x00000000d5580000,0x00000000d5980000,0x00000000d5980000)
  from space 512K, 89% used [0x00000000d5c00000,0x00000000d5c71f90,0x00000000d5c80000)
  to   space 512K, 0% used [0x00000000d5c80000,0x00000000d5c80000,0x00000000d5d00000)
 ParOldGen       total 979456K, used 979201K [0x0000000080000000, 0x00000000bbc80000, 0x00000000d5580000)
  object space 979456K, 99% used [0x0000000080000000,0x00000000bbc40488,0x00000000bbc80000)
 Metaspace       used 64414K, committed 66112K, reserved 1114112K
  class space    used 6604K, committed 7424K, reserved 1048576K
}
Event: 55.134 GC heap after
{Heap after GC invocations=1401 (full 3):
 PSYoungGen      total 4608K, used 508K [0x00000000d5580000, 0x00000000d5f80000, 0x0000000100000000)
  eden space 4096K, 0% used [0x00000000d5580000,0x00000000d5580000,0x00000000d5980000)
  from space 512K, 99% used [0x00000000d5c80000,0x00000000d5cff3b8,0x00000000d5d00000)
  to   space 3072K, 0% used [0x00000000d5980000,0x00000000d5980000,0x00000000d5c80000)
 ParOldGen       total 981504K, used 981137K [0x0000000080000000, 0x00000000bbe80000, 0x00000000d5580000)
  object space 981504K, 99% used [0x0000000080000000,0x00000000bbe24428,0x00000000bbe80000)
 Metaspace       used 64414K, committed 66112K, reserved 1114112K
  class space    used 6604K, committed 7424K, reserved 1048576K
}
Event: 55.153 GC heap before
{Heap before GC invocations=1402 (full 3):
 PSYoungGen      total 4608K, used 4604K [0x00000000d5580000, 0x00000000d5f80000, 0x0000000100000000)
  eden space 4096K, 99% used [0x00000000d5580000,0x00000000d597fff8,0x00000000d5980000)
  from space 512K, 99% used [0x00000000d5c80000,0x00000000d5cff3b8,0x00000000d5d00000)
  to   space 3072K, 0% used [0x00000000d5980000,0x00000000d5980000,0x00000000d5c80000)
 ParOldGen       total 981504K, used 981137K [0x0000000080000000, 0x00000000bbe80000, 0x00000000d5580000)
  object space 981504K, 99% used [0x0000000080000000,0x00000000bbe24428,0x00000000bbe80000)
 Metaspace       used 64422K, committed 66112K, reserved 1114112K
  class space    used 6604K, committed 7424K, reserved 1048576K
}
Event: 55.157 GC heap after
{Heap after GC invocations=1402 (full 3):
 PSYoungGen      total 6144K, used 1664K [0x00000000d5580000, 0x00000000d5d80000, 0x0000000100000000)
  eden space 4096K, 0% used [0x00000000d5580000,0x00000000d5580000,0x00000000d5980000)
  from space 2048K, 81% used [0x00000000d5980000,0x00000000d5b20000,0x00000000d5b80000)
  to   space 2048K, 0% used [0x00000000d5b80000,0x00000000d5b80000,0x00000000d5d80000)
 ParOldGen       total 982016K, used 981591K [0x0000000080000000, 0x00000000bbf00000, 0x00000000d5580000)
  object space 982016K, 99% used [0x0000000080000000,0x00000000bbe95df8,0x00000000bbf00000)
 Metaspace       used 64422K, committed 66112K, reserved 1114112K
  class space    used 6604K, committed 7424K, reserved 1048576K
}
Event: 55.218 GC heap before
{Heap before GC invocations=1403 (full 3):
 PSYoungGen      total 6144K, used 5759K [0x00000000d5580000, 0x00000000d5d80000, 0x0000000100000000)
  eden space 4096K, 99% used [0x00000000d5580000,0x00000000d597fff8,0x00000000d5980000)
  from space 2048K, 81% used [0x00000000d5980000,0x00000000d5b20000,0x00000000d5b80000)
  to   space 2048K, 0% used [0x00000000d5b80000,0x00000000d5b80000,0x00000000d5d80000)
 ParOldGen       total 982016K, used 981591K [0x0000000080000000, 0x00000000bbf00000, 0x00000000d5580000)
  object space 982016K, 99% used [0x0000000080000000,0x00000000bbe95df8,0x00000000bbf00000)
 Metaspace       used 64442K, committed 66112K, reserved 1114112K
  class space    used 6604K, committed 7424K, reserved 1048576K
}
Event: 56.224 GC heap after
{Heap after GC invocations=1403 (full 3):
 PSYoungGen      total 6144K, used 160K [0x00000000d5580000, 0x00000000d5c80000, 0x0000000100000000)
  eden space 5120K, 0% used [0x00000000d5580000,0x00000000d5580000,0x00000000d5a80000)
  from space 1024K, 15% used [0x00000000d5b80000,0x00000000d5ba8000,0x00000000d5c80000)
  to   space 1024K, 0% used [0x00000000d5a80000,0x00000000d5a80000,0x00000000d5b80000)
 ParOldGen       total 983552K, used 983143K [0x0000000080000000, 0x00000000bc080000, 0x00000000d5580000)
  object space 983552K, 99% used [0x0000000080000000,0x00000000bc019df8,0x00000000bc080000)
 Metaspace       used 64442K, committed 66112K, reserved 1114112K
  class space    used 6604K, committed 7424K, reserved 1048576K
}
Event: 56.357 GC heap before
{Heap before GC invocations=1404 (full 3):
 PSYoungGen      total 6144K, used 5280K [0x00000000d5580000, 0x00000000d5c80000, 0x0000000100000000)
  eden space 5120K, 100% used [0x00000000d5580000,0x00000000d5a80000,0x00000000d5a80000)
  from space 1024K, 15% used [0x00000000d5b80000,0x00000000d5ba8000,0x00000000d5c80000)
  to   space 1024K, 0% used [0x00000000d5a80000,0x00000000d5a80000,0x00000000d5b80000)
 ParOldGen       total 983552K, used 983143K [0x0000000080000000, 0x00000000bc080000, 0x00000000d5580000)
  object space 983552K, 99% used [0x0000000080000000,0x00000000bc019df8,0x00000000bc080000)
 Metaspace       used 64442K, committed 66112K, reserved 1114112K
  class space    used 6604K, committed 7424K, reserved 1048576K
}
Event: 56.361 GC heap after
{Heap after GC invocations=1404 (full 3):
 PSYoungGen      total 6144K, used 256K [0x00000000d5580000, 0x00000000d5c80000, 0x0000000100000000)
  eden space 5120K, 0% used [0x00000000d5580000,0x00000000d5580000,0x00000000d5a80000)
  from space 1024K, 25% used [0x00000000d5a80000,0x00000000d5ac0000,0x00000000d5b80000)
  to   space 512K, 0% used [0x00000000d5c00000,0x00000000d5c00000,0x00000000d5c80000)
 ParOldGen       total 983552K, used 983191K [0x0000000080000000, 0x00000000bc080000, 0x00000000d5580000)
  object space 983552K, 99% used [0x0000000080000000,0x00000000bc025df8,0x00000000bc080000)
 Metaspace       used 64442K, committed 66112K, reserved 1114112K
  class space    used 6604K, committed 7424K, reserved 1048576K
}
Event: 56.426 GC heap before
{Heap before GC invocations=1405 (full 3):
 PSYoungGen      total 6144K, used 5375K [0x00000000d5580000, 0x00000000d5c80000, 0x0000000100000000)
  eden space 5120K, 99% used [0x00000000d5580000,0x00000000d5a7ffb0,0x00000000d5a80000)
  from space 1024K, 25% used [0x00000000d5a80000,0x00000000d5ac0000,0x00000000d5b80000)
  to   space 512K, 0% used [0x00000000d5c00000,0x00000000d5c00000,0x00000000d5c80000)
 ParOldGen       total 983552K, used 983191K [0x0000000080000000, 0x00000000bc080000, 0x00000000d5580000)
  object space 983552K, 99% used [0x0000000080000000,0x00000000bc025df8,0x00000000bc080000)
 Metaspace       used 64442K, committed 66112K, reserved 1114112K
  class space    used 6604K, committed 7424K, reserved 1048576K
}
Event: 56.428 GC heap after
{Heap after GC invocations=1405 (full 3):
 PSYoungGen      total 6656K, used 192K [0x00000000d5580000, 0x00000000d5c80000, 0x0000000100000000)
  eden space 6144K, 0% used [0x00000000d5580000,0x00000000d5580000,0x00000000d5b80000)
  from space 512K, 37% used [0x00000000d5c00000,0x00000000d5c30000,0x00000000d5c80000)
  to   space 512K, 0% used [0x00000000d5b80000,0x00000000d5b80000,0x00000000d5c00000)
 ParOldGen       total 983552K, used 983287K [0x0000000080000000, 0x00000000bc080000, 0x00000000d5580000)
  object space 983552K, 99% used [0x0000000080000000,0x00000000bc03ddf8,0x00000000bc080000)
 Metaspace       used 64442K, committed 66112K, reserved 1114112K
  class space    used 6604K, committed 7424K, reserved 1048576K
}
Event: 56.490 GC heap before
{Heap before GC invocations=1406 (full 3):
 PSYoungGen      total 6656K, used 6335K [0x00000000d5580000, 0x00000000d5c80000, 0x0000000100000000)
  eden space 6144K, 99% used [0x00000000d5580000,0x00000000d5b7ffd0,0x00000000d5b80000)
  from space 512K, 37% used [0x00000000d5c00000,0x00000000d5c30000,0x00000000d5c80000)
  to   space 512K, 0% used [0x00000000d5b80000,0x00000000d5b80000,0x00000000d5c00000)
 ParOldGen       total 983552K, used 983287K [0x0000000080000000, 0x00000000bc080000, 0x00000000d5580000)
  object space 983552K, 99% used [0x0000000080000000,0x00000000bc03ddf8,0x00000000bc080000)
 Metaspace       used 64442K, committed 66112K, reserved 1114112K
  class space    used 6604K, committed 7424K, reserved 1048576K
}
Event: 56.494 GC heap after
{Heap after GC invocations=1406 (full 3):
 PSYoungGen      total 6656K, used 224K [0x00000000d5580000, 0x00000000d5c80000, 0x0000000100000000)
  eden space 6144K, 0% used [0x00000000d5580000,0x00000000d5580000,0x00000000d5b80000)
  from space 512K, 43% used [0x00000000d5b80000,0x00000000d5bb8000,0x00000000d5c00000)
  to   space 512K, 0% used [0x00000000d5c00000,0x00000000d5c00000,0x00000000d5c80000)
 ParOldGen       total 983552K, used 983327K [0x0000000080000000, 0x00000000bc080000, 0x00000000d5580000)
  object space 983552K, 99% used [0x0000000080000000,0x00000000bc047df8,0x00000000bc080000)
 Metaspace       used 64442K, committed 66112K, reserved 1114112K
  class space    used 6604K, committed 7424K, reserved 1048576K
}

Dll operation events (20 events):
Event: 0.013 Attempting to load shared library c:\Users\Admin\.vscode\extensions\redhat.java-1.56.0-win32-x64\jre\21.0.12.1-win32-x86_64\bin\java.dll
Event: 0.013 Loaded shared library c:\Users\Admin\.vscode\extensions\redhat.java-1.56.0-win32-x64\jre\21.0.12.1-win32-x86_64\bin\java.dll
Event: 0.088 Attempting to load shared library c:\Users\Admin\.vscode\extensions\redhat.java-1.56.0-win32-x64\jre\21.0.12.1-win32-x86_64\bin\zip.dll
Event: 0.089 Loaded shared library c:\Users\Admin\.vscode\extensions\redhat.java-1.56.0-win32-x64\jre\21.0.12.1-win32-x86_64\bin\zip.dll
Event: 0.111 Attempting to load shared library C:\Users\Admin\.vscode\extensions\redhat.java-1.56.0-win32-x64\jre\21.0.12.1-win32-x86_64\bin\instrument.dll
Event: 0.111 Loaded shared library C:\Users\Admin\.vscode\extensions\redhat.java-1.56.0-win32-x64\jre\21.0.12.1-win32-x86_64\bin\instrument.dll
Event: 0.115 Attempting to load shared library C:\Users\Admin\.vscode\extensions\redhat.java-1.56.0-win32-x64\jre\21.0.12.1-win32-x86_64\bin\net.dll
Event: 0.117 Loaded shared library C:\Users\Admin\.vscode\extensions\redhat.java-1.56.0-win32-x64\jre\21.0.12.1-win32-x86_64\bin\net.dll
Event: 0.119 Attempting to load shared library C:\Users\Admin\.vscode\extensions\redhat.java-1.56.0-win32-x64\jre\21.0.12.1-win32-x86_64\bin\nio.dll
Event: 0.119 Loaded shared library C:\Users\Admin\.vscode\extensions\redhat.java-1.56.0-win32-x64\jre\21.0.12.1-win32-x86_64\bin\nio.dll
Event: 0.123 Attempting to load shared library C:\Users\Admin\.vscode\extensions\redhat.java-1.56.0-win32-x64\jre\21.0.12.1-win32-x86_64\bin\zip.dll
Event: 0.123 Loaded shared library C:\Users\Admin\.vscode\extensions\redhat.java-1.56.0-win32-x64\jre\21.0.12.1-win32-x86_64\bin\zip.dll
Event: 0.142 Attempting to load shared library C:\Users\Admin\.vscode\extensions\redhat.java-1.56.0-win32-x64\jre\21.0.12.1-win32-x86_64\bin\jimage.dll
Event: 0.142 Loaded shared library C:\Users\Admin\.vscode\extensions\redhat.java-1.56.0-win32-x64\jre\21.0.12.1-win32-x86_64\bin\jimage.dll
Event: 0.219 Attempting to load shared library c:\Users\Admin\.vscode\extensions\redhat.java-1.56.0-win32-x64\jre\21.0.12.1-win32-x86_64\bin\verify.dll
Event: 0.219 Loaded shared library c:\Users\Admin\.vscode\extensions\redhat.java-1.56.0-win32-x64\jre\21.0.12.1-win32-x86_64\bin\verify.dll
Event: 1.608 Attempting to load shared library C:\Users\Admin\AppData\Roaming\Code\User\globalStorage\redhat.java\1.56.0\config_win\org.eclipse.equinox.launcher\org.eclipse.equinox.launcher.win32.win32.x86_64_1.3.100.v20260804-1928\eclipse_11924.dll
Event: 1.612 Loaded shared library C:\Users\Admin\AppData\Roaming\Code\User\globalStorage\redhat.java\1.56.0\config_win\org.eclipse.equinox.launcher\org.eclipse.equinox.launcher.win32.win32.x86_64_1.3.100.v20260804-1928\eclipse_11924.dll
Event: 6.306 Attempting to load shared library C:\Users\Admin\AppData\Local\Temp\jna-63116079\jna13898953017953347828.dll
Event: 6.625 Loaded shared library C:\Users\Admin\AppData\Local\Temp\jna-63116079\jna13898953017953347828.dll

Deoptimization events (20 events):
Event: 52.469 Thread 0x0000022199754530 DEOPT PACKING pc=0x000002213f5b09b7 sp=0x0000009b63ffe650
Event: 52.469 Thread 0x0000022199754530 DEOPT UNPACKING pc=0x0000022144e778e2 sp=0x0000009b63ffdbb8 mode 0
Event: 52.818 Thread 0x00000221a6503430 DEOPT PACKING pc=0x000002213f3993e2 sp=0x0000009b680fe8f0
Event: 52.818 Thread 0x00000221a6503430 DEOPT UNPACKING pc=0x0000022144e778e2 sp=0x0000009b680fdde0 mode 0
Event: 54.173 Thread 0x00000221a65047e0 Uncommon trap: trap_request=0xffffffbe fr.pc=0x0000022145f5ef28 relative=0x0000000000000108
Event: 54.173 Thread 0x00000221a65047e0 Uncommon trap: reason=profile_predicate action=maybe_recompile pc=0x0000022145f5ef28 method=org.eclipse.jdt.core.compiler.CharOperation.splitAndTrimOn(C[C)[[C @ 175 c2
Event: 54.173 Thread 0x00000221a65047e0 DEOPT PACKING pc=0x0000022145f5ef28 sp=0x0000009b681fece0
Event: 54.173 Thread 0x00000221a65047e0 DEOPT UNPACKING pc=0x0000022144e76da2 sp=0x0000009b681fec38 mode 2
Event: 54.173 Thread 0x00000221a65047e0 Uncommon trap: trap_request=0xffffffbe fr.pc=0x0000022145f5ef28 relative=0x0000000000000108
Event: 54.173 Thread 0x00000221a65047e0 Uncommon trap: reason=profile_predicate action=maybe_recompile pc=0x0000022145f5ef28 method=org.eclipse.jdt.core.compiler.CharOperation.splitAndTrimOn(C[C)[[C @ 175 c2
Event: 54.173 Thread 0x00000221a65047e0 DEOPT PACKING pc=0x0000022145f5ef28 sp=0x0000009b681fece0
Event: 54.173 Thread 0x00000221a65047e0 DEOPT UNPACKING pc=0x0000022144e76da2 sp=0x0000009b681fec38 mode 2
Event: 54.197 Thread 0x00000221a68c42c0 Uncommon trap: trap_request=0xffffffbe fr.pc=0x0000022145f5ef28 relative=0x0000000000000108
Event: 54.197 Thread 0x00000221a68c42c0 Uncommon trap: reason=profile_predicate action=maybe_recompile pc=0x0000022145f5ef28 method=org.eclipse.jdt.core.compiler.CharOperation.splitAndTrimOn(C[C)[[C @ 175 c2
Event: 54.197 Thread 0x00000221a68c42c0 DEOPT PACKING pc=0x0000022145f5ef28 sp=0x0000009b66dff020
Event: 54.197 Thread 0x00000221a68c42c0 DEOPT UNPACKING pc=0x0000022144e76da2 sp=0x0000009b66dfef78 mode 2
Event: 54.197 Thread 0x00000221a68c42c0 Uncommon trap: trap_request=0xffffffbe fr.pc=0x0000022145f5ef28 relative=0x0000000000000108
Event: 54.197 Thread 0x00000221a68c42c0 Uncommon trap: reason=profile_predicate action=maybe_recompile pc=0x0000022145f5ef28 method=org.eclipse.jdt.core.compiler.CharOperation.splitAndTrimOn(C[C)[[C @ 175 c2
Event: 54.197 Thread 0x00000221a68c42c0 DEOPT PACKING pc=0x0000022145f5ef28 sp=0x0000009b66dff020
Event: 54.197 Thread 0x00000221a68c42c0 DEOPT UNPACKING pc=0x0000022144e76da2 sp=0x0000009b66dfef78 mode 2

Classes loaded (20 events):
Event: 12.549 Loading class java/util/concurrent/CompletableFuture$Signaller
Event: 12.549 Loading class java/util/concurrent/CompletableFuture$Signaller done
Event: 13.819 Loading class java/util/Hashtable$KeySet
Event: 13.819 Loading class java/util/Hashtable$KeySet done
Event: 14.331 Loading class java/util/stream/ReduceOps$5
Event: 14.331 Loading class java/util/stream/ReduceOps$5 done
Event: 14.331 Loading class java/util/stream/ReduceOps$CountingSink$OfRef
Event: 14.332 Loading class java/util/stream/ReduceOps$CountingSink
Event: 14.333 Loading class java/util/stream/ReduceOps$CountingSink done
Event: 14.333 Loading class java/util/stream/ReduceOps$CountingSink$OfRef done
Event: 14.365 Loading class java/util/stream/ReduceOps$1
Event: 14.366 Loading class java/util/stream/ReduceOps$1 done
Event: 14.366 Loading class java/util/stream/ReduceOps$1ReducingSink
Event: 14.366 Loading class java/util/stream/ReduceOps$1ReducingSink done
Event: 31.577 Loading class sun/nio/cs/ISO_8859_1$Encoder
Event: 31.580 Loading class sun/nio/cs/ISO_8859_1$Encoder done
Event: 31.580 Loading class sun/nio/cs/Surrogate$Parser
Event: 31.581 Loading class sun/nio/cs/Surrogate$Parser done
Event: 31.581 Loading class sun/nio/cs/Surrogate
Event: 31.581 Loading class sun/nio/cs/Surrogate done

Classes unloaded (20 events):
Event: 7.329 Thread 0x00000221390d46c0 Unloading class 0x00000221531aa800 'java/lang/invoke/LambdaForm$MH+0x00000221531aa800'
Event: 7.329 Thread 0x00000221390d46c0 Unloading class 0x00000221531aa400 'java/lang/invoke/LambdaForm$MH+0x00000221531aa400'
Event: 7.329 Thread 0x00000221390d46c0 Unloading class 0x00000221531aa000 'java/lang/invoke/LambdaForm$MH+0x00000221531aa000'
Event: 7.329 Thread 0x00000221390d46c0 Unloading class 0x00000221531a9c00 'java/lang/invoke/LambdaForm$MH+0x00000221531a9c00'
Event: 7.329 Thread 0x00000221390d46c0 Unloading class 0x00000221531a9800 'java/lang/invoke/LambdaForm$BMH+0x00000221531a9800'
Event: 7.329 Thread 0x00000221390d46c0 Unloading class 0x00000221531a9400 'java/lang/invoke/LambdaForm$DMH+0x00000221531a9400'
Event: 7.329 Thread 0x00000221390d46c0 Unloading class 0x00000221531a8000 'java/lang/invoke/LambdaForm$DMH+0x00000221531a8000'
Event: 8.741 Thread 0x00000221390d46c0 Unloading class 0x0000022153346000 'java/lang/invoke/LambdaForm$MH+0x0000022153346000'
Event: 8.741 Thread 0x00000221390d46c0 Unloading class 0x0000022153345800 'java/lang/invoke/LambdaForm$MH+0x0000022153345800'
Event: 8.741 Thread 0x00000221390d46c0 Unloading class 0x0000022153345400 'java/lang/invoke/LambdaForm$MH+0x0000022153345400'
Event: 8.741 Thread 0x00000221390d46c0 Unloading class 0x0000022153344c00 'java/lang/invoke/LambdaForm$DMH+0x0000022153344c00'
Event: 8.741 Thread 0x00000221390d46c0 Unloading class 0x0000022153344000 'java/lang/invoke/LambdaForm$MH+0x0000022153344000'
Event: 8.741 Thread 0x00000221390d46c0 Unloading class 0x0000022153340400 'java/lang/invoke/LambdaForm$MH+0x0000022153340400'
Event: 8.741 Thread 0x00000221390d46c0 Unloading class 0x000002215333f800 'java/lang/invoke/LambdaForm$MH+0x000002215333f800'
Event: 8.741 Thread 0x00000221390d46c0 Unloading class 0x000002215333f000 'java/lang/invoke/LambdaForm$MH+0x000002215333f000'
Event: 8.741 Thread 0x00000221390d46c0 Unloading class 0x000002215333e800 'java/lang/invoke/LambdaForm$MH+0x000002215333e800'
Event: 8.741 Thread 0x00000221390d46c0 Unloading class 0x000002215333e000 'java/lang/invoke/LambdaForm$MH+0x000002215333e000'
Event: 8.741 Thread 0x00000221390d46c0 Unloading class 0x000002215333d800 'java/lang/invoke/LambdaForm$MH+0x000002215333d800'
Event: 8.741 Thread 0x00000221390d46c0 Unloading class 0x000002215333d000 'java/lang/invoke/LambdaForm$MH+0x000002215333d000'
Event: 8.741 Thread 0x00000221390d46c0 Unloading class 0x000002215333cc00 'java/lang/invoke/LambdaForm$MH+0x000002215333cc00'

Classes redefined (0 events):
No events

Internal exceptions (20 events):
Event: 56.523 Thread 0x000002219d559d40 Exception <a 'sun/nio/fs/WindowsException'{0x00000000d57631d8}> (0x00000000d57631d8) 
thrown [s\src\hotspot\share\prims\jni.cpp, line 520]
Event: 56.524 Thread 0x000002219d559d40 Exception <a 'sun/nio/fs/WindowsException'{0x00000000d5766160}> (0x00000000d5766160) 
thrown [s\src\hotspot\share\prims\jni.cpp, line 520]
Event: 56.525 Thread 0x000002219d559d40 Exception <a 'sun/nio/fs/WindowsException'{0x00000000d5773f38}> (0x00000000d5773f38) 
thrown [s\src\hotspot\share\prims\jni.cpp, line 520]
Event: 56.525 Thread 0x000002219d559d40 Exception <a 'sun/nio/fs/WindowsException'{0x00000000d5774990}> (0x00000000d5774990) 
thrown [s\src\hotspot\share\prims\jni.cpp, line 520]
Event: 56.538 Thread 0x000002219d559d40 Implicit null exception at 0x000002213f21df1b to 0x000002213f21e4d5
Event: 56.538 Thread 0x000002219d559d40 Exception <a 'java/lang/NullPointerException'{0x00000000d5822818}> (0x00000000d5822818) 
thrown [s\src\hotspot\share\runtime\sharedRuntime.cpp, line 625]
Event: 56.538 Thread 0x000002219d559d40 Implicit null exception at 0x000002213f21df1b to 0x000002213f21e4d5
Event: 56.538 Thread 0x000002219d559d40 Exception <a 'java/lang/NullPointerException'{0x00000000d5824470}> (0x00000000d5824470) 
thrown [s\src\hotspot\share\runtime\sharedRuntime.cpp, line 625]
Event: 56.538 Thread 0x000002219d559d40 Implicit null exception at 0x000002213f21df1b to 0x000002213f21e4d5
Event: 56.539 Thread 0x000002219d559d40 Exception <a 'java/lang/NullPointerException'{0x00000000d5824c58}> (0x00000000d5824c58) 
thrown [s\src\hotspot\share\runtime\sharedRuntime.cpp, line 625]
Event: 56.539 Thread 0x000002219d559d40 Implicit null exception at 0x000002213f21df1b to 0x000002213f21e4d5
Event: 56.539 Thread 0x000002219d559d40 Exception <a 'java/lang/NullPointerException'{0x00000000d5825228}> (0x00000000d5825228) 
thrown [s\src\hotspot\share\runtime\sharedRuntime.cpp, line 625]
Event: 56.539 Thread 0x000002219d559d40 Implicit null exception at 0x000002213f21df1b to 0x000002213f21e4d5
Event: 56.539 Thread 0x000002219d559d40 Exception <a 'java/lang/NullPointerException'{0x00000000d5826ca0}> (0x00000000d5826ca0) 
thrown [s\src\hotspot\share\runtime\sharedRuntime.cpp, line 625]
Event: 56.539 Thread 0x000002219d559d40 Implicit null exception at 0x000002213f21df1b to 0x000002213f21e4d5
Event: 56.539 Thread 0x000002219d559d40 Exception <a 'java/lang/NullPointerException'{0x00000000d5827170}> (0x00000000d5827170) 
thrown [s\src\hotspot\share\runtime\sharedRuntime.cpp, line 625]
Event: 56.539 Thread 0x000002219d559d40 Implicit null exception at 0x000002213f21df1b to 0x000002213f21e4d5
Event: 56.539 Thread 0x000002219d559d40 Exception <a 'java/lang/NullPointerException'{0x00000000d5827640}> (0x00000000d5827640) 
thrown [s\src\hotspot\share\runtime\sharedRuntime.cpp, line 625]
Event: 56.539 Thread 0x000002219d559d40 Implicit null exception at 0x000002213f21df1b to 0x000002213f21e4d5
Event: 56.539 Thread 0x000002219d559d40 Exception <a 'java/lang/NullPointerException'{0x00000000d5827b10}> (0x00000000d5827b10) 
thrown [s\src\hotspot\share\runtime\sharedRuntime.cpp, line 625]

ZGC Phase Switch (0 events):
No events

VM Operations (20 events):
Event: 54.927 Executing safepoint VM operation: ParallelGCFailedAllocation (Allocation Failure)
Event: 54.931 Executing safepoint VM operation: ParallelGCFailedAllocation (Allocation Failure) done
Event: 54.971 Executing safepoint VM operation: ParallelGCFailedAllocation (Allocation Failure)
Event: 54.974 Executing safepoint VM operation: ParallelGCFailedAllocation (Allocation Failure) done
Event: 55.039 Executing safepoint VM operation: ParallelGCFailedAllocation (Allocation Failure)
Event: 55.044 Executing safepoint VM operation: ParallelGCFailedAllocation (Allocation Failure) done
Event: 55.115 Executing safepoint VM operation: ParallelGCFailedAllocation (Allocation Failure)
Event: 55.118 Executing safepoint VM operation: ParallelGCFailedAllocation (Allocation Failure) done
Event: 55.130 Executing safepoint VM operation: ParallelGCFailedAllocation (Allocation Failure)
Event: 55.134 Executing safepoint VM operation: ParallelGCFailedAllocation (Allocation Failure) done
Event: 55.153 Executing safepoint VM operation: ParallelGCFailedAllocation (Allocation Failure)
Event: 55.157 Executing safepoint VM operation: ParallelGCFailedAllocation (Allocation Failure) done
Event: 55.218 Executing safepoint VM operation: ParallelGCFailedAllocation (Allocation Failure)
Event: 56.224 Executing safepoint VM operation: ParallelGCFailedAllocation (Allocation Failure) done
Event: 56.357 Executing safepoint VM operation: ParallelGCFailedAllocation (Allocation Failure)
Event: 56.361 Executing safepoint VM operation: ParallelGCFailedAllocation (Allocation Failure) done
Event: 56.426 Executing safepoint VM operation: ParallelGCFailedAllocation (Allocation Failure)
Event: 56.428 Executing safepoint VM operation: ParallelGCFailedAllocation (Allocation Failure) done
Event: 56.490 Executing safepoint VM operation: ParallelGCFailedAllocation (Allocation Failure)
Event: 56.494 Executing safepoint VM operation: ParallelGCFailedAllocation (Allocation Failure) done

Memory protections (0 events):
No events

Nmethod flushes (20 events):
Event: 13.100 Thread 0x00000221390d46c0 flushing  nmethod 0x000002213e1d0790
Event: 13.100 Thread 0x00000221390d46c0 flushing  nmethod 0x000002213e1d7490
Event: 13.100 Thread 0x00000221390d46c0 flushing  nmethod 0x000002213e1de790
Event: 13.100 Thread 0x00000221390d46c0 flushing  nmethod 0x000002213e1e4290
Event: 13.100 Thread 0x00000221390d46c0 flushing  nmethod 0x000002213e1e4610
Event: 13.100 Thread 0x00000221390d46c0 flushing  nmethod 0x000002213e1e5310
Event: 13.100 Thread 0x00000221390d46c0 flushing  nmethod 0x000002213e1e9f90
Event: 13.100 Thread 0x00000221390d46c0 flushing  nmethod 0x000002213e22a590
Event: 13.100 Thread 0x00000221390d46c0 flushing  nmethod 0x000002213e22c310
Event: 13.100 Thread 0x00000221390d46c0 flushing  nmethod 0x000002213e22cf10
Event: 13.100 Thread 0x00000221390d46c0 flushing  nmethod 0x000002213e22d990
Event: 13.100 Thread 0x00000221390d46c0 flushing  nmethod 0x000002213e232610
Event: 13.100 Thread 0x00000221390d46c0 flushing  nmethod 0x000002213e241410
Event: 13.100 Thread 0x00000221390d46c0 flushing  nmethod 0x000002213e24cd10
Event: 13.100 Thread 0x00000221390d46c0 flushing  nmethod 0x000002213e269710
Event: 13.100 Thread 0x00000221390d46c0 flushing  nmethod 0x000002213e277c90
Event: 13.100 Thread 0x00000221390d46c0 flushing  nmethod 0x000002213e27c090
Event: 13.100 Thread 0x00000221390d46c0 flushing  nmethod 0x000002213e28db90
Event: 13.100 Thread 0x00000221390d46c0 flushing  nmethod 0x000002213e28f690
Event: 13.100 Thread 0x00000221390d46c0 flushing  nmethod 0x000002213e290910

Events (20 events):
Event: 54.200 Thread 0x00000221a68c2f10 Thread added: 0x00000221a6509010
Event: 54.274 Thread 0x00000221a6509010 Thread exited: 0x00000221a6509010
Event: 54.301 Thread 0x000002219d55b0f0 Thread added: 0x00000221a650aa50
Event: 54.374 Thread 0x00000221a650aa50 Thread exited: 0x00000221a650aa50
Event: 54.423 Thread 0x00000221a6503ac0 Thread added: 0x00000221a650a3c0
Event: 54.503 Thread 0x00000221a650a3c0 Thread exited: 0x00000221a650a3c0
Event: 54.537 Thread 0x0000022199751dd0 Thread added: 0x00000221a6509010
Event: 54.641 Thread 0x00000221a6509010 Thread exited: 0x00000221a6509010
Event: 54.676 Thread 0x00000221a62ba3c0 Thread added: 0x00000221a6509010
Event: 54.767 Thread 0x00000221a6509010 Thread exited: 0x00000221a6509010
Event: 54.810 Thread 0x00000221a6503430 Thread added: 0x00000221a650a3c0
Event: 54.937 Thread 0x00000221a650a3c0 Thread exited: 0x00000221a650a3c0
Event: 54.969 Thread 0x00000221a68c70b0 Thread added: 0x00000221a6509010
Event: 55.076 Thread 0x00000221a6509010 Thread exited: 0x00000221a6509010
Event: 55.185 Thread 0x00000221a68c35a0 Thread added: 0x00000221a650a3c0
Event: 56.332 Thread 0x00000221a650a3c0 Thread exited: 0x00000221a650a3c0
Event: 56.372 Thread 0x0000022199753ea0 Thread added: 0x00000221a6509010
Event: 56.444 Thread 0x00000221a6509010 Thread exited: 0x00000221a6509010
Event: 56.466 Thread 0x000002219d559d40 Thread added: 0x00000221a650aa50
Event: 56.544 Thread 0x00000221a650aa50 Thread exited: 0x00000221a650aa50


Dynamic libraries:
0x00007ff63f810000 - 0x00007ff63f81e000 	c:\Users\Admin\.vscode\extensions\redhat.java-1.56.0-win32-x64\jre\21.0.12.1-win32-x86_64\bin\java.exe
0x00007ff9fae40000 - 0x00007ff9fb0a7000 	C:\Windows\SYSTEM32\ntdll.dll
0x00007ff9f91b0000 - 0x00007ff9f9279000 	C:\Windows\System32\KERNEL32.DLL
0x00007ff9f8210000 - 0x00007ff9f8600000 	C:\Windows\System32\KERNELBASE.dll
0x00007ff9f4640000 - 0x00007ff9f46de000 	C:\Windows\SYSTEM32\apphelp.dll
0x00007ff9f7f70000 - 0x00007ff9f80bb000 	C:\Windows\System32\ucrtbase.dll
0x00007ff9f23f0000 - 0x00007ff9f2408000 	c:\Users\Admin\.vscode\extensions\redhat.java-1.56.0-win32-x64\jre\21.0.12.1-win32-x86_64\bin\jli.dll
0x00007ff9f2370000 - 0x00007ff9f238e000 	c:\Users\Admin\.vscode\extensions\redhat.java-1.56.0-win32-x64\jre\21.0.12.1-win32-x86_64\bin\VCRUNTIME140.dll
0x00007ff9f9ff0000 - 0x00007ff9fa1b5000 	C:\Windows\System32\USER32.dll
0x00007ff9dc8d0000 - 0x00007ff9dcb6a000 	C:\Windows\WinSxS\amd64_microsoft.windows.common-controls_6595b64144ccf1df_6.0.26100.4768_none_3e0c112ce331287c\COMCTL32.dll
0x00007ff9f8ba0000 - 0x00007ff9f8bc7000 	C:\Windows\System32\win32u.dll
0x00007ff9faaa0000 - 0x00007ff9fab49000 	C:\Windows\System32\msvcrt.dll
0x00007ff9f9e80000 - 0x00007ff9f9eab000 	C:\Windows\System32\GDI32.dll
0x00007ff9f89b0000 - 0x00007ff9f8ae8000 	C:\Windows\System32\gdi32full.dll
0x00007ff9f8af0000 - 0x00007ff9f8b93000 	C:\Windows\System32\msvcp_win.dll
0x00007ff9fac50000 - 0x00007ff9fac7f000 	C:\Windows\System32\IMM32.DLL
0x00007ff9f23e0000 - 0x00007ff9f23ec000 	c:\Users\Admin\.vscode\extensions\redhat.java-1.56.0-win32-x64\jre\21.0.12.1-win32-x86_64\bin\vcruntime140_1.dll
0x00007ff9baf50000 - 0x00007ff9bafdd000 	c:\Users\Admin\.vscode\extensions\redhat.java-1.56.0-win32-x64\jre\21.0.12.1-win32-x86_64\bin\msvcp140.dll
0x00007ff9122b0000 - 0x00007ff913052000 	c:\Users\Admin\.vscode\extensions\redhat.java-1.56.0-win32-x64\jre\21.0.12.1-win32-x86_64\bin\server\jvm.dll
0x00007ff9f9eb0000 - 0x00007ff9f9f64000 	C:\Windows\System32\ADVAPI32.dll
0x00007ff9f9bd0000 - 0x00007ff9f9c76000 	C:\Windows\System32\sechost.dll
0x00007ff9fa4f0000 - 0x00007ff9fa608000 	C:\Windows\System32\RPCRT4.dll
0x00007ff9f9f70000 - 0x00007ff9f9fe4000 	C:\Windows\System32\WS2_32.dll
0x00007ff9f7dd0000 - 0x00007ff9f7e2e000 	C:\Windows\SYSTEM32\POWRPROF.dll
0x00007ff9ef1e0000 - 0x00007ff9ef215000 	C:\Windows\SYSTEM32\WINMM.dll
0x00007ff9e7fb0000 - 0x00007ff9e7fbb000 	C:\Windows\SYSTEM32\VERSION.dll
0x00007ff9f7db0000 - 0x00007ff9f7dc4000 	C:\Windows\SYSTEM32\UMPDC.dll
0x00007ff9f6cb0000 - 0x00007ff9f6ccb000 	C:\Windows\SYSTEM32\kernel.appcore.dll
0x00007ff9f23d0000 - 0x00007ff9f23da000 	c:\Users\Admin\.vscode\extensions\redhat.java-1.56.0-win32-x64\jre\21.0.12.1-win32-x86_64\bin\jimage.dll
0x00007ff9f50a0000 - 0x00007ff9f52e1000 	C:\Windows\SYSTEM32\DBGHELP.DLL
0x00007ff9fa620000 - 0x00007ff9fa9a5000 	C:\Windows\System32\combase.dll
0x00007ff9fa9b0000 - 0x00007ff9faa90000 	C:\Windows\System32\OLEAUT32.dll
0x00007ff9dafa0000 - 0x00007ff9dafe3000 	C:\Windows\SYSTEM32\dbgcore.DLL
0x00007ff9f8910000 - 0x00007ff9f89a9000 	C:\Windows\System32\bcryptPrimitives.dll
0x00007ff9f23c0000 - 0x00007ff9f23cf000 	c:\Users\Admin\.vscode\extensions\redhat.java-1.56.0-win32-x64\jre\21.0.12.1-win32-x86_64\bin\instrument.dll
0x00007ff9f23a0000 - 0x00007ff9f23c0000 	c:\Users\Admin\.vscode\extensions\redhat.java-1.56.0-win32-x64\jre\21.0.12.1-win32-x86_64\bin\java.dll
0x00007ff9f9280000 - 0x00007ff9f99cd000 	C:\Windows\System32\SHELL32.dll
0x00007ff9f8790000 - 0x00007ff9f8903000 	C:\Windows\System32\wintypes.dll
0x00007ff9f5b10000 - 0x00007ff9f6370000 	C:\Windows\SYSTEM32\windows.storage.dll
0x00007ff9fab50000 - 0x00007ff9fac45000 	C:\Windows\System32\SHCORE.dll
0x00007ff9fa480000 - 0x00007ff9fa4ea000 	C:\Windows\System32\shlwapi.dll
0x00007ff9f7e90000 - 0x00007ff9f7eb9000 	C:\Windows\SYSTEM32\profapi.dll
0x00007ff9de100000 - 0x00007ff9de118000 	c:\Users\Admin\.vscode\extensions\redhat.java-1.56.0-win32-x64\jre\21.0.12.1-win32-x86_64\bin\zip.dll
0x00007ff9f2390000 - 0x00007ff9f23a0000 	C:\Users\Admin\.vscode\extensions\redhat.java-1.56.0-win32-x64\jre\21.0.12.1-win32-x86_64\bin\net.dll
0x00007ff9e8920000 - 0x00007ff9e8a3e000 	C:\Windows\SYSTEM32\WINHTTP.dll
0x00007ff9f7220000 - 0x00007ff9f728b000 	C:\Windows\system32\mswsock.dll
0x00007ff9d8540000 - 0x00007ff9d8556000 	C:\Users\Admin\.vscode\extensions\redhat.java-1.56.0-win32-x64\jre\21.0.12.1-win32-x86_64\bin\nio.dll
0x00007ff9f2310000 - 0x00007ff9f2320000 	c:\Users\Admin\.vscode\extensions\redhat.java-1.56.0-win32-x64\jre\21.0.12.1-win32-x86_64\bin\verify.dll
0x00007ff9d0110000 - 0x00007ff9d0155000 	C:\Users\Admin\AppData\Roaming\Code\User\globalStorage\redhat.java\1.56.0\config_win\org.eclipse.equinox.launcher\org.eclipse.equinox.launcher.win32.win32.x86_64_1.3.100.v20260804-1928\eclipse_11924.dll
0x00007ff9fa250000 - 0x00007ff9fa3f0000 	C:\Windows\System32\ole32.dll
0x00007ff9f7600000 - 0x00007ff9f761b000 	C:\Windows\SYSTEM32\CRYPTSP.dll
0x00007ff9f6c10000 - 0x00007ff9f6c4b000 	C:\Windows\system32\rsaenh.dll
0x00007ff9f72c0000 - 0x00007ff9f72eb000 	C:\Windows\SYSTEM32\USERENV.dll
0x00007ff9f7e60000 - 0x00007ff9f7e86000 	C:\Windows\SYSTEM32\bcrypt.dll
0x00007ff9f7460000 - 0x00007ff9f746c000 	C:\Windows\SYSTEM32\CRYPTBASE.dll
0x00007ff9f66a0000 - 0x00007ff9f66d3000 	C:\Windows\SYSTEM32\IPHLPAPI.DLL
0x00007ff9fa610000 - 0x00007ff9fa61a000 	C:\Windows\System32\NSI.dll
0x00007ff9dd010000 - 0x00007ff9dd059000 	C:\Users\Admin\AppData\Local\Temp\jna-63116079\jna13898953017953347828.dll
0x00007ff9fa1c0000 - 0x00007ff9fa1c8000 	C:\Windows\System32\PSAPI.DLL
0x00007ff9f13c0000 - 0x00007ff9f13df000 	C:\Windows\SYSTEM32\dhcpcsvc6.DLL
0x00007ff9f1370000 - 0x00007ff9f1395000 	C:\Windows\SYSTEM32\dhcpcsvc.DLL

JVMTI agents:
c:\Users\Admin\.vscode\extensions\redhat.java-1.56.0-win32-x64\lombok\lombok-1.18.39-4050.jar path:c:\Users\Admin\.vscode\extensions\redhat.java-1.56.0-win32-x64\jre\21.0.12.1-win32-x86_64\bin\instrument.dll, loaded, initialized, instrumentlib options:none

dbghelp: loaded successfully - version: 4.0.5 - missing functions: none
symbol engine: initialized successfully - sym options: 0x614 - pdb path: .;c:\Users\Admin\.vscode\extensions\redhat.java-1.56.0-win32-x64\jre\21.0.12.1-win32-x86_64\bin;C:\Windows\SYSTEM32;C:\Windows\WinSxS\amd64_microsoft.windows.common-controls_6595b64144ccf1df_6.0.26100.4768_none_3e0c112ce331287c;c:\Users\Admin\.vscode\extensions\redhat.java-1.56.0-win32-x64\jre\21.0.12.1-win32-x86_64\bin\server;C:\Users\Admin\AppData\Roaming\Code\User\globalStorage\redhat.java\1.56.0\config_win\org.eclipse.equinox.launcher\org.eclipse.equinox.launcher.win32.win32.x86_64_1.3.100.v20260804-1928;C:\Users\Admin\AppData\Local\Temp\jna-63116079

VM Arguments:
jvm_args: --add-modules=ALL-SYSTEM --add-opens=java.base/java.util=ALL-UNNAMED --add-opens=java.base/java.lang=ALL-UNNAMED --add-opens=java.base/sun.nio.fs=ALL-UNNAMED -Declipse.application=org.eclipse.jdt.ls.core.id1 -Dosgi.bundles.defaultStartLevel=4 -Declipse.product=org.eclipse.jdt.ls.core.product -Djava.import.generatesMetadataFilesAtProjectRoot=false -Dm2e.project.cache.size=50 -DDetectVMInstallationsJob.disabled=true -Dfile.encoding=utf8 -XX:+UseParallelGC -XX:GCTimeRatio=4 -XX:AdaptiveSizePolicyWeight=90 -Dsun.zip.disableMemoryMapping=true -Xmx2G -Xms100m -Xlog:disable -javaagent:c:\Users\Admin\.vscode\extensions\redhat.java-1.56.0-win32-x64\lombok\lombok-1.18.39-4050.jar -XX:+HeapDumpOnOutOfMemoryError -XX:HeapDumpPath=c:\Users\Admin\AppData\Roaming\Code\User\workspaceStorage\c5bfaad0ac5dc3b05eb2e708e3ac4969\redhat.java -Daether.dependencyCollector.impl=bf 
java_command: c:\Users\Admin\.vscode\extensions\redhat.java-1.56.0-win32-x64\server\plugins\org.eclipse.equinox.launcher_1.8.0.v20260804-1928.jar -configuration c:\Users\Admin\AppData\Roaming\Code\User\globalStorage\redhat.java\1.56.0\config_win -data c:\Users\Admin\AppData\Roaming\Code\User\workspaceStorage\c5bfaad0ac5dc3b05eb2e708e3ac4969\redhat.java\jdt_ws --stdio
java_class_path (initial): c:\Users\Admin\.vscode\extensions\redhat.java-1.56.0-win32-x64\server\plugins\org.eclipse.equinox.launcher_1.8.0.v20260804-1928.jar
Launcher Type: SUN_STANDARD

[Global flags]
    uintx AdaptiveSizePolicyWeight                 = 90                                        {product} {command line}
     intx CICompilerCount                          = 4                                         {product} {ergonomic}
    uintx GCTimeRatio                              = 4                                         {product} {command line}
     bool HeapDumpOnOutOfMemoryError               = true                                   {manageable} {command line}
    ccstr HeapDumpPath                             = c:\Users\Admin\AppData\Roaming\Code\User\workspaceStorage\c5bfaad0ac5dc3b05eb2e708e3ac4969\redhat.java         {manageable} {command line}
   size_t InitialHeapSize                          = 104857600                                 {product} {command line}
   size_t MaxHeapSize                              = 2147483648                                {product} {command line}
   size_t MaxNewSize                               = 715653120                                 {product} {ergonomic}
   size_t MinHeapDeltaBytes                        = 524288                                    {product} {ergonomic}
   size_t MinHeapSize                              = 104857600                                 {product} {command line}
   size_t NewSize                                  = 34603008                                  {product} {ergonomic}
    uintx NonNMethodCodeHeapSize                   = 5839372                                {pd product} {ergonomic}
    uintx NonProfiledCodeHeapSize                  = 122909434                              {pd product} {ergonomic}
   size_t OldSize                                  = 70254592                                  {product} {ergonomic}
    uintx ProfiledCodeHeapSize                     = 122909434                              {pd product} {ergonomic}
    uintx ReservedCodeCacheSize                    = 251658240                              {pd product} {ergonomic}
     bool SegmentedCodeCache                       = true                                      {product} {ergonomic}
   size_t SoftMaxHeapSize                          = 2147483648                             {manageable} {ergonomic}
     bool UseCompressedOops                        = true                           {product lp64_product} {ergonomic}
     bool UseLargePagesIndividualAllocation        = false                                  {pd product} {ergonomic}
     bool UseParallelGC                            = true                                      {product} {command line}

Logging:
Log output configuration:
 #0: stdout all=off uptime,level,tags foldmultilines=false
 #1: stderr all=off uptime,level,tags foldmultilines=false

Release file:
JAVA_VERSION="21.0.12.1" 
MODULES="java.base java.compiler java.datatransfer java.xml java.prefs java.desktop java.instrument java.logging java.management java.security.sasl java.naming java.rmi java.management.rmi java.net.http java.scripting java.security.jgss java.transaction.xa java.sql java.sql.rowset java.xml.crypto java.se java.smartcardio jdk.accessibility jdk.internal.jvmstat jdk.attach jdk.charsets jdk.internal.opt jdk.zipfs jdk.compiler jdk.crypto.ec jdk.crypto.cryptoki jdk.crypto.mscapi jdk.dynalink jdk.internal.ed jdk.editpad jdk.hotspot.agent jdk.httpserver jdk.internal.le jdk.internal.vm.ci jdk.internal.vm.compiler jdk.internal.vm.compiler.management jdk.jartool jdk.javadoc jdk.jcmd jdk.management jdk.management.agent jdk.jconsole jdk.jdeps jdk.jdwp.agent jdk.jdi jdk.jfr jdk.jshell jdk.jsobject jdk.jstatd jdk.localedata jdk.management.jfr jdk.naming.dns jdk.naming.rmi jdk.net jdk.nio.mapmode jdk.random jdk.sctp jdk.security.auth jdk.security.jgss jdk.unsupported jdk.unsupported.desktop jdk.xml.dom" 

Environment Variables:
PATH=C:\Program Files\Common Files\Oracle\Java\javapath;C:\Windows\system32;C:\Windows;C:\Windows\System32\Wbem;C:\Windows\System32\WindowsPowerShell\v1.0\;C:\Windows\System32\OpenSSH\;C:\Program Files\dotnet\;C:\Program Files (x86)\Microsoft SQL Server\160\Tools\Binn\;C:\Program Files\Microsoft SQL Server\160\Tools\Binn\;C:\Program Files\Microsoft SQL Server\Client SDK\ODBC\170\Tools\Binn\;C:\Program Files\Microsoft SQL Server\160\DTS\Binn\;C:\Program Files (x86)\Microsoft SQL Server\160\DTS\Binn\;C:\apache-maven-3.9.11\bin;D:\user\Git\cmd;%JAVA_HOME%\bin;C:\Program Files\Microsoft SQL Server\150\Tools\Binn\;C:\Users\Admin\AppData\Local\Programs\Python\Python310\Scripts\;C:\Users\Admin\AppData\Local\Programs\Python\Python310\;C:\Users\Admin\AppData\Local\Programs\Python\Python314\Scripts\;C:\Users\Admin\AppData\Local\Programs\Python\Python314\;C:\Users\Admin\AppData\Local\Programs\Python\Python313\Scripts\;C:\Users\Admin\AppData\Local\Programs\Python\Python313\;C:\Users\Admin\AppData\Local\Microsoft\WindowsApps;D:\New folder\Microsoft VS Code\bin;C:\Users\Admin\.dotnet\tools
USERNAME=Admin
OS=Windows_NT
PROCESSOR_IDENTIFIER=Intel64 Family 6 Model 140 Stepping 1, GenuineIntel
TMP=C:\Users\Admin\AppData\Local\Temp
TEMP=C:\Users\Admin\AppData\Local\Temp




Periodic native trim disabled

---------------  S Y S T E M  ---------------

OS:
 Windows 11 , 64 bit Build 26100 (10.0.26100.4768)
OS uptime: 0 days 1:43 hours
Hyper-V role detected

CPU: total 8 (initial active 8) (4 cores per cpu, 2 threads per core) family 6 model 140 stepping 1 microcode 0x8a, cx8, cmov, fxsr, ht, mmx, 3dnowpref, sse, sse2, sse3, ssse3, sse4.1, sse4.2, popcnt, lzcnt, tsc, tscinvbit, avx, avx2, aes, erms, clmul, bmi1, bmi2, adx, avx512f, avx512dq, avx512cd, avx512bw, avx512vl, sha, fma, vzeroupper, avx512_vpopcntdq, avx512_vpclmulqdq, avx512_vaes, avx512_vnni, clflush, clflushopt, clwb, avx512_vbmi2, avx512_vbmi, hv, rdtscp, rdpid, fsrm, gfni, avx512_bitalg, f16c, cet_ibt, cet_ss, avx512_ifma
Processor Information for processor 0
  Max Mhz: 2419, Current Mhz: 2419, Mhz Limit: 2419
Processor Information for processor 1
  Max Mhz: 2419, Current Mhz: 2419, Mhz Limit: 2419
Processor Information for processor 2
  Max Mhz: 2419, Current Mhz: 2419, Mhz Limit: 2419
Processor Information for processor 3
  Max Mhz: 2419, Current Mhz: 2419, Mhz Limit: 2419
Processor Information for processor 4
  Max Mhz: 2419, Current Mhz: 1007, Mhz Limit: 2419
Processor Information for processor 5
  Max Mhz: 2419, Current Mhz: 2419, Mhz Limit: 2419
Processor Information for processor 6
  Max Mhz: 2419, Current Mhz: 2419, Mhz Limit: 2419
Processor Information for processor 7
  Max Mhz: 2419, Current Mhz: 2419, Mhz Limit: 2419

Memory: 4k page, system-wide physical 7991M (517M free)
TotalPageFile size 15991M (AvailPageFile size 5M)
current process WorkingSet (physical memory assigned to process): 1065M, peak: 1196M
current process commit charge ("private bytes"): 1258M, peak: 1272M

vm_info: OpenJDK 64-Bit Server VM (21.0.12.1+1-LTS) for windows-amd64 JRE (21.0.12.1+1-LTS), built on 2026-08-18T00:00:00Z by "admin" with MS VC++ 17.12 (VS2022)

END.
