#
# There is insufficient memory for the Java Runtime Environment to continue.
# Native memory allocation (malloc) failed to allocate 1220816 bytes. Error detail: Chunk::new
# Possible reasons:
#   The system is out of physical RAM or swap space
#   This process is running with CompressedOops enabled, and the Java Heap may be blocking the growth of the native heap
# Possible solutions:
#   Reduce memory load on the system
#   Increase physical memory or swap space
#   Check if swap backing store is full
#   Decrease Java heap size (-Xmx/-Xms)
#   Decrease number of Java threads
#   Decrease Java thread stack sizes (-Xss)
#   Set larger code cache with -XX:ReservedCodeCacheSize=
#   JVM is running with Unscaled Compressed Oops mode in which the Java heap is
#     placed in the first 4GB address space. The Java Heap base address is the
#     maximum limit for the native heap growth. Please use -XX:HeapBaseMinAddress
#     to set the Java Heap base and to place the Java Heap above 4GB virtual address.
# This output file may be truncated or incomplete.
#
#  Out of Memory Error (arena.cpp:168), pid=2276, tid=12972
#
# JRE version: OpenJDK Runtime Environment Temurin-21.0.12.1+1 (21.0.12.1+1) (build 21.0.12.1+1-LTS)
# Java VM: OpenJDK 64-Bit Server VM Temurin-21.0.12.1+1 (21.0.12.1+1-LTS, mixed mode, sharing, tiered, compressed oops, compressed class ptrs, parallel gc, windows-amd64)
# No core dump will be written. Minidumps are not enabled by default on client versions of Windows
#

---------------  S U M M A R Y ------------

Command Line: --add-modules=ALL-SYSTEM --add-opens=java.base/java.util=ALL-UNNAMED --add-opens=java.base/java.lang=ALL-UNNAMED --add-opens=java.base/sun.nio.fs=ALL-UNNAMED -Declipse.application=org.eclipse.jdt.ls.core.id1 -Dosgi.bundles.defaultStartLevel=4 -Declipse.product=org.eclipse.jdt.ls.core.product -Djava.import.generatesMetadataFilesAtProjectRoot=false -Dm2e.project.cache.size=50 -DDetectVMInstallationsJob.disabled=true -Dfile.encoding=utf8 -XX:+UseParallelGC -XX:GCTimeRatio=4 -XX:AdaptiveSizePolicyWeight=90 -Dsun.zip.disableMemoryMapping=true -Xmx2G -Xms100m -Xlog:disable -javaagent:c:\Users\Admin\.vscode\extensions\redhat.java-1.56.0-win32-x64\lombok\lombok-1.18.39-4050.jar -XX:+HeapDumpOnOutOfMemoryError -XX:HeapDumpPath=c:\Users\Admin\AppData\Roaming\Code\User\workspaceStorage\c5bfaad0ac5dc3b05eb2e708e3ac4969\redhat.java -Daether.dependencyCollector.impl=bf c:\Users\Admin\.vscode\extensions\redhat.java-1.56.0-win32-x64\server\plugins\org.eclipse.equinox.launcher_1.8.0.v20260804-1928.jar -configuration c:\Users\Admin\AppData\Roaming\Code\User\globalStorage\redhat.java\1.56.0\config_win -data c:\Users\Admin\AppData\Roaming\Code\User\workspaceStorage\c5bfaad0ac5dc3b05eb2e708e3ac4969\redhat.java\jdt_ws --stdio

Host: 11th Gen Intel(R) Core(TM) i5-1135G7 @ 2.40GHz, 8 cores, 7G,  Windows 11 , 64 bit Build 26100 (10.0.26100.4768)
Time: Fri Sep 25 14:16:48 2026 SE Asia Standard Time elapsed time: 210.456005 seconds (0d 0h 3m 30s)

---------------  T H R E A D  ---------------

Current thread (0x0000014363336290):  JavaThread "C2 CompilerThread0" daemon [_thread_in_native, id=12972, stack(0x00000001b7d00000,0x00000001b7e00000) (1024K)]


Current CompileTask:
C2:210456 17487  s!   4       org.eclipse.jdt.internal.core.index.DiskIndex::readCategoryTable (743 bytes)

Stack: [0x00000001b7d00000,0x00000001b7e00000]
Native frames: (J=compiled Java code, j=interpreted, Vv=VM code, C=native code)
V  [jvm.dll+0x6d83e9]
V  [jvm.dll+0x8b5736]
V  [jvm.dll+0x8b7cee]
V  [jvm.dll+0x8b83d3]
V  [jvm.dll+0x284596]
V  [jvm.dll+0xc685d]
V  [jvm.dll+0xc6da1]
V  [jvm.dll+0x3bf151]
V  [jvm.dll+0x38b6d2]
V  [jvm.dll+0x38ab1a]
V  [jvm.dll+0x24c700]
V  [jvm.dll+0x24bce0]
V  [jvm.dll+0x1cb4ae]
V  [jvm.dll+0x25baad]
V  [jvm.dll+0x25a03a]
V  [jvm.dll+0x3f8aae]
V  [jvm.dll+0x8600cd]
V  [jvm.dll+0x6d6c1d]
C  [ucrtbase.dll+0x37b0]
C  [KERNEL32.DLL+0x2e8d7]
C  [ntdll.dll+0x3c34c]


---------------  P R O C E S S  ---------------

Threads class SMR info:
_java_thread_list=0x0000014376465c40, length=97, elements={
0x000001430a0fd290, 0x000001430a068400, 0x000001430a06af70, 0x000001430a072550,
0x000001430a074cb0, 0x000001430a073270, 0x000001430a072be0, 0x0000014363336290,
0x0000014363337a00, 0x000001430a0759d0, 0x000001430a074620, 0x00000143680b6a50,
0x00000143680b7770, 0x00000143680b5d30, 0x00000143680b9840, 0x00000143680b63c0,
0x00000143680b9ed0, 0x00000143680b70e0, 0x00000143680babf0, 0x00000143680bb280,
0x00000143680bb910, 0x00000143680bbfa0, 0x00000143680bccc0, 0x000001436b1c83d0,
0x000001436b1c7d40, 0x000001436b1c7020, 0x000001436b1c55e0, 0x000001436b1c76b0,
0x000001436c6ea690, 0x000001436c6ea000, 0x000001436c6ec760, 0x000001436c6eb3b0,
0x000001436c6edb10, 0x000001436c6ecdf0, 0x000001436c6eeec0, 0x000001436c6ef550,
0x000001436c6efbe0, 0x000001436c6f1620, 0x000001436c6f0270, 0x000001436c6f0900,
0x000001436d317ef0, 0x000001436d3164b0, 0x000001436d316b40, 0x000001436d315790,
0x000001436d318c10, 0x000001436d31ba00, 0x000001436d319930, 0x000001436d31b370,
0x000001436d31c090, 0x00000143680b8b20, 0x00000143680b7e00, 0x00000143680b8490,
0x000001430a073f90, 0x000001436d3192a0, 0x00000143680b91b0, 0x0000014369b02360,
0x0000014369affc00, 0x0000014369afeee0, 0x0000014369b00290, 0x0000014369b01cd0,
0x0000014369b00920, 0x0000014369b029f0, 0x0000014369aff570, 0x0000014369b03080,
0x0000014369b04ac0, 0x0000014369b05150, 0x0000014369b057e0, 0x0000014369b03da0,
0x0000014369b06500, 0x000001436cf954f0, 0x000001436cf96210, 0x000001436d315e20,
0x000001436cf975c0, 0x0000014369287730, 0x0000014369286380, 0x0000014369288450,
0x0000014369288ae0, 0x0000014369289e90, 0x0000014369287dc0, 0x0000014369286a10,
0x000001436928b8d0, 0x000001436928bf60, 0x000001436928c5f0, 0x000001436928a520,
0x000001436928abb0, 0x000001436928d310, 0x000001436cf982e0, 0x000001436cf96f30,
0x000001436cf98970, 0x000001436cf95b80, 0x000001436cf97c50, 0x0000014369b03710,
0x0000014369b04430, 0x0000014369b01640, 0x0000014369b05e70, 0x000001436d3171d0,
0x000001436d317860
}

Java Threads: ( => current thread )
  0x000001430a0fd290 JavaThread "main"                              [_thread_blocked, id=17624, stack(0x00000001b7300000,0x00000001b7400000) (1024K)]
  0x000001430a068400 JavaThread "Reference Handler"          daemon [_thread_blocked, id=18312, stack(0x00000001b7700000,0x00000001b7800000) (1024K)]
  0x000001430a06af70 JavaThread "Finalizer"                  daemon [_thread_blocked, id=4076, stack(0x00000001b7800000,0x00000001b7900000) (1024K)]
  0x000001430a072550 JavaThread "Signal Dispatcher"          daemon [_thread_blocked, id=14536, stack(0x00000001b7900000,0x00000001b7a00000) (1024K)]
  0x000001430a074cb0 JavaThread "Attach Listener"            daemon [_thread_blocked, id=15388, stack(0x00000001b7a00000,0x00000001b7b00000) (1024K)]
  0x000001430a073270 JavaThread "Service Thread"             daemon [_thread_blocked, id=5004, stack(0x00000001b7b00000,0x00000001b7c00000) (1024K)]
  0x000001430a072be0 JavaThread "Monitor Deflation Thread"   daemon [_thread_blocked, id=5972, stack(0x00000001b7c00000,0x00000001b7d00000) (1024K)]
=>0x0000014363336290 JavaThread "C2 CompilerThread0"         daemon [_thread_in_native, id=12972, stack(0x00000001b7d00000,0x00000001b7e00000) (1024K)]
  0x0000014363337a00 JavaThread "C1 CompilerThread0"         daemon [_thread_blocked, id=18352, stack(0x00000001b7e00000,0x00000001b7f00000) (1024K)]
  0x000001430a0759d0 JavaThread "Common-Cleaner"             daemon [_thread_blocked, id=17168, stack(0x00000001b8000000,0x00000001b8100000) (1024K)]
  0x000001430a074620 JavaThread "Notification Thread"        daemon [_thread_blocked, id=6112, stack(0x00000001b8100000,0x00000001b8200000) (1024K)]
  0x00000143680b6a50 JavaThread "Active Thread: Equinox Container: ed9eb1e0-542c-4340-acbd-975cf860509e"        [_thread_blocked, id=5176, stack(0x00000001b8f00000,0x00000001b9000000) (1024K)]
  0x00000143680b7770 JavaThread "Framework Event Dispatcher: Equinox Container: ed9eb1e0-542c-4340-acbd-975cf860509e" daemon [_thread_blocked, id=13880, stack(0x00000001b9000000,0x00000001b9100000) (1024K)]
  0x00000143680b5d30 JavaThread "Start Level: Equinox Container: ed9eb1e0-542c-4340-acbd-975cf860509e" daemon [_thread_blocked, id=17236, stack(0x00000001b9200000,0x00000001b9300000) (1024K)]
  0x00000143680b9840 JavaThread "Bundle File Closer"         daemon [_thread_blocked, id=17412, stack(0x00000001b9300000,0x00000001b9400000) (1024K)]
  0x00000143680b63c0 JavaThread "Refresh Thread: Equinox Container: ed9eb1e0-542c-4340-acbd-975cf860509e" daemon [_thread_blocked, id=17208, stack(0x00000001b9400000,0x00000001b9500000) (1024K)]
  0x00000143680b9ed0 JavaThread "SCR Component Actor"        daemon [_thread_blocked, id=16280, stack(0x00000001b9700000,0x00000001b9800000) (1024K)]
  0x00000143680b70e0 JavaThread "Worker-JM"                         [_thread_blocked, id=10124, stack(0x00000001b9800000,0x00000001b9900000) (1024K)]
  0x00000143680babf0 JavaThread "Worker-0"                          [_thread_blocked, id=17904, stack(0x00000001b9900000,0x00000001b9a00000) (1024K)]
  0x00000143680bb280 JavaThread "Java indexing"              daemon [_thread_blocked, id=3016, stack(0x00000001b8200000,0x00000001b8300000) (1024K)]
  0x00000143680bb910 JavaThread "Worker-2"                          [_thread_blocked, id=14884, stack(0x00000001b9b00000,0x00000001b9c00000) (1024K)]
  0x00000143680bbfa0 JavaThread "Worker-3"                          [_thread_blocked, id=10204, stack(0x00000001b9c00000,0x00000001b9d00000) (1024K)]
  0x00000143680bccc0 JavaThread "JNA Cleaner"                daemon [_thread_blocked, id=17528, stack(0x00000001b9e00000,0x00000001b9f00000) (1024K)]
  0x000001436b1c83d0 JavaThread "Worker-5"                          [_thread_blocked, id=6180, stack(0x00000001ba100000,0x00000001ba200000) (1024K)]
  0x000001436b1c7d40 JavaThread "pool-2-thread-1"                   [_thread_blocked, id=11628, stack(0x00000001ba300000,0x00000001ba400000) (1024K)]
  0x000001436b1c7020 JavaThread "WorkspaceEventsHandler"            [_thread_blocked, id=2772, stack(0x00000001ba400000,0x00000001ba500000) (1024K)]
  0x000001436b1c55e0 JavaThread "pool-1-thread-1"                   [_thread_in_native, id=3340, stack(0x00000001ba500000,0x00000001ba600000) (1024K)]
  0x000001436b1c76b0 JavaThread "LocalFile Deleter"          daemon [_thread_blocked, id=16444, stack(0x00000001ba700000,0x00000001ba800000) (1024K)]
  0x000001436c6ea690 JavaThread "LocalFile Deleter"          daemon [_thread_blocked, id=2024, stack(0x00000001ba900000,0x00000001baa00000) (1024K)]
  0x000001436c6ea000 JavaThread "LocalFile Deleter"          daemon [_thread_blocked, id=14216, stack(0x00000001baa00000,0x00000001bab00000) (1024K)]
  0x000001436c6ec760 JavaThread "Compiler Source File Reader" daemon [_thread_blocked, id=2716, stack(0x00000001ba600000,0x00000001ba700000) (1024K)]
  0x000001436c6eb3b0 JavaThread "Compiler Source File Reader" daemon [_thread_blocked, id=9568, stack(0x00000001bad00000,0x00000001bae00000) (1024K)]
  0x000001436c6edb10 JavaThread "Compiler Source File Reader" daemon [_thread_blocked, id=868, stack(0x00000001bae00000,0x00000001baf00000) (1024K)]
  0x000001436c6ecdf0 JavaThread "Compiler Source File Reader" daemon [_thread_blocked, id=13656, stack(0x00000001baf00000,0x00000001bb000000) (1024K)]
  0x000001436c6eeec0 JavaThread "Compiler Source File Reader" daemon [_thread_blocked, id=17048, stack(0x00000001bb000000,0x00000001bb100000) (1024K)]
  0x000001436c6ef550 JavaThread "Compiler Source File Reader" daemon [_thread_blocked, id=5172, stack(0x00000001bb100000,0x00000001bb200000) (1024K)]
  0x000001436c6efbe0 JavaThread "Compiler Class File Writer" daemon [_thread_blocked, id=2756, stack(0x00000001bb300000,0x00000001bb400000) (1024K)]
  0x000001436c6f1620 JavaThread "Compiler Class File Writer" daemon [_thread_blocked, id=16764, stack(0x00000001bb400000,0x00000001bb500000) (1024K)]
  0x000001436c6f0270 JavaThread "Compiler Class File Writer" daemon [_thread_blocked, id=17212, stack(0x00000001bb500000,0x00000001bb600000) (1024K)]
  0x000001436c6f0900 JavaThread "Compiler Class File Writer" daemon [_thread_blocked, id=17784, stack(0x00000001bb600000,0x00000001bb700000) (1024K)]
  0x000001436d317ef0 JavaThread "Compiler Class File Writer" daemon [_thread_blocked, id=15040, stack(0x00000001bb700000,0x00000001bb800000) (1024K)]
  0x000001436d3164b0 JavaThread "Compiler Class File Writer" daemon [_thread_blocked, id=16416, stack(0x00000001bb800000,0x00000001bb900000) (1024K)]
  0x000001436d316b40 JavaThread "Worker-6"                          [_thread_blocked, id=17764, stack(0x00000001bb900000,0x00000001bba00000) (1024K)]
  0x000001436d315790 JavaThread "Worker-8"                          [_thread_blocked, id=11288, stack(0x00000001bbc00000,0x00000001bbd00000) (1024K)]
  0x000001436d318c10 JavaThread "Worker-12"                         [_thread_blocked, id=6728, stack(0x00000001bc000000,0x00000001bc100000) (1024K)]
  0x000001436d31ba00 JavaThread "Worker-13"                         [_thread_blocked, id=15812, stack(0x00000001bbf00000,0x00000001bc000000) (1024K)]
  0x000001436d319930 JavaThread "Worker-14"                         [_thread_blocked, id=3560, stack(0x00000001bc100000,0x00000001bc200000) (1024K)]
  0x000001436d31b370 JavaThread "Worker-16"                         [_thread_blocked, id=11188, stack(0x00000001b8a00000,0x00000001b8b00000) (1024K)]
  0x000001436d31c090 JavaThread "Worker-19"                         [_thread_blocked, id=14496, stack(0x00000001b8c00000,0x00000001b8d00000) (1024K)]
  0x00000143680b8b20 JavaThread "Worker-21"                         [_thread_blocked, id=15684, stack(0x00000001b8e00000,0x00000001b8f00000) (1024K)]
  0x00000143680b7e00 JavaThread "Worker-22"                         [_thread_blocked, id=8260, stack(0x00000001b9600000,0x00000001b9700000) (1024K)]
  0x00000143680b8490 JavaThread "Worker-23"                         [_thread_blocked, id=16156, stack(0x00000001bc200000,0x00000001bc300000) (1024K)]
  0x000001430a073f90 JavaThread "Worker-25"                         [_thread_blocked, id=13104, stack(0x00000001ba200000,0x00000001ba300000) (1024K)]
  0x000001436d3192a0 JavaThread "Worker-26"                         [_thread_blocked, id=17364, stack(0x00000001b7f00000,0x00000001b8000000) (1024K)]
  0x00000143680b91b0 JavaThread "Worker-28"                         [_thread_blocked, id=16584, stack(0x00000001bc500000,0x00000001bc600000) (1024K)]
  0x0000014369b02360 JavaThread "Worker-29"                         [_thread_blocked, id=17820, stack(0x00000001bc700000,0x00000001bc800000) (1024K)]
  0x0000014369affc00 JavaThread "Worker-30"                         [_thread_blocked, id=16396, stack(0x00000001bc800000,0x00000001bc900000) (1024K)]
  0x0000014369afeee0 JavaThread "Worker-31"                         [_thread_blocked, id=8300, stack(0x00000001bc600000,0x00000001bc700000) (1024K)]
  0x0000014369b00290 JavaThread "Worker-32"                         [_thread_blocked, id=13568, stack(0x00000001bca00000,0x00000001bcb00000) (1024K)]
  0x0000014369b01cd0 JavaThread "Worker-33"                         [_thread_blocked, id=18148, stack(0x00000001bcb00000,0x00000001bcc00000) (1024K)]
  0x0000014369b00920 JavaThread "Worker-34"                         [_thread_blocked, id=3628, stack(0x00000001bcc00000,0x00000001bcd00000) (1024K)]
  0x0000014369b029f0 JavaThread "Worker-36"                         [_thread_blocked, id=4316, stack(0x00000001bce00000,0x00000001bcf00000) (1024K)]
  0x0000014369aff570 JavaThread "Worker-38"                         [_thread_blocked, id=17352, stack(0x00000001bd000000,0x00000001bd100000) (1024K)]
  0x0000014369b03080 JavaThread "Worker-41"                         [_thread_blocked, id=17868, stack(0x00000001bd300000,0x00000001bd400000) (1024K)]
  0x0000014369b04ac0 JavaThread "Worker-42"                         [_thread_blocked, id=17880, stack(0x00000001bd400000,0x00000001bd500000) (1024K)]
  0x0000014369b05150 JavaThread "Worker-43"                         [_thread_blocked, id=16916, stack(0x00000001bd500000,0x00000001bd600000) (1024K)]
  0x0000014369b057e0 JavaThread "Worker-44"                         [_thread_blocked, id=17968, stack(0x00000001bd600000,0x00000001bd700000) (1024K)]
  0x0000014369b03da0 JavaThread "Worker-45"                         [_thread_blocked, id=13484, stack(0x00000001bd700000,0x00000001bd800000) (1024K)]
  0x0000014369b06500 JavaThread "Worker-47"                         [_thread_blocked, id=14836, stack(0x00000001bd900000,0x00000001bda00000) (1024K)]
  0x000001436cf954f0 JavaThread "Worker-48"                         [_thread_blocked, id=14620, stack(0x00000001bda00000,0x00000001bdb00000) (1024K)]
  0x000001436cf96210 JavaThread "Worker-83"                         [_thread_blocked, id=17892, stack(0x00000001bdf00000,0x00000001be000000) (1024K)]
  0x000001436d315e20 JavaThread "Worker-108"                        [_thread_blocked, id=1484, stack(0x00000001be200000,0x00000001be300000) (1024K)]
  0x000001436cf975c0 JavaThread "Worker-113"                        [_thread_blocked, id=6008, stack(0x00000001bdd00000,0x00000001bde00000) (1024K)]
  0x0000014369287730 JavaThread "Worker-114"                        [_thread_blocked, id=5304, stack(0x00000001be300000,0x00000001be400000) (1024K)]
  0x0000014369286380 JavaThread "Worker-115"                        [_thread_blocked, id=4636, stack(0x00000001be400000,0x00000001be500000) (1024K)]
  0x0000014369288450 JavaThread "Worker-117: Initialize workspace"        [_thread_blocked, id=7956, stack(0x00000001be600000,0x00000001be700000) (1024K)]
  0x0000014369288ae0 JavaThread "Worker-124"                        [_thread_blocked, id=336, stack(0x00000001be800000,0x00000001be900000) (1024K)]
  0x0000014369289e90 JavaThread "Worker-135"                        [_thread_blocked, id=852, stack(0x00000001be900000,0x00000001bea00000) (1024K)]
  0x0000014369287dc0 JavaThread "Worker-141"                        [_thread_blocked, id=5736, stack(0x00000001bdc00000,0x00000001bdd00000) (1024K)]
  0x0000014369286a10 JavaThread "Worker-147"                        [_thread_blocked, id=10836, stack(0x00000001beb00000,0x00000001bec00000) (1024K)]
  0x000001436928b8d0 JavaThread "Worker-148"                        [_thread_blocked, id=7056, stack(0x00000001bec00000,0x00000001bed00000) (1024K)]
  0x000001436928bf60 JavaThread "Worker-149"                        [_thread_blocked, id=17636, stack(0x00000001bed00000,0x00000001bee00000) (1024K)]
  0x000001436928c5f0 JavaThread "Worker-155"                        [_thread_blocked, id=17024, stack(0x00000001bba00000,0x00000001bbb00000) (1024K)]
  0x000001436928a520 JavaThread "Worker-167"                        [_thread_blocked, id=10344, stack(0x00000001bc900000,0x00000001bca00000) (1024K)]
  0x000001436928abb0 JavaThread "PatternSearchJob-worker-1"  daemon [_thread_blocked, id=10620, stack(0x00000001bd200000,0x00000001bd300000) (1024K)]
  0x000001436928d310 JavaThread "Worker-176"                        [_thread_blocked, id=11000, stack(0x00000001bcd00000,0x00000001bce00000) (1024K)]
  0x000001436cf982e0 JavaThread "Worker-192"                        [_thread_blocked, id=13272, stack(0x00000001bd800000,0x00000001bd900000) (1024K)]
  0x000001436cf96f30 JavaThread "PatternSearchJob-worker-2"  daemon [_thread_blocked, id=15640, stack(0x00000001b9a00000,0x00000001b9b00000) (1024K)]
  0x000001436cf98970 JavaThread "PatternSearchJob-worker-4"  daemon [_thread_blocked, id=5884, stack(0x00000001bd100000,0x00000001bd200000) (1024K)]
  0x000001436cf95b80 JavaThread "PatternSearchJob-worker-6"  daemon [_thread_blocked, id=10624, stack(0x00000001bde00000,0x00000001bdf00000) (1024K)]
  0x000001436cf97c50 JavaThread "PatternSearchJob-worker-3"  daemon [_thread_blocked, id=11500, stack(0x00000001be000000,0x00000001be100000) (1024K)]
  0x0000014369b03710 JavaThread "PatternSearchJob-worker-7"  daemon [_thread_blocked, id=2604, stack(0x00000001be100000,0x00000001be200000) (1024K)]
  0x0000014369b04430 JavaThread "PatternSearchJob-worker-5"  daemon [_thread_blocked, id=15656, stack(0x00000001bee00000,0x00000001bef00000) (1024K)]
  0x0000014369b01640 JavaThread "Worker-194"                        [_thread_blocked, id=7120, stack(0x00000001bef00000,0x00000001bf000000) (1024K)]
  0x0000014369b05e70 JavaThread "Worker-195"                        [_thread_blocked, id=2040, stack(0x00000001bf000000,0x00000001bf100000) (1024K)]
  0x000001436d3171d0 JavaThread "LocalFile Deleter"          daemon [_thread_blocked, id=9604, stack(0x00000001b7100000,0x00000001b7200000) (1024K)]
  0x000001436d317860 JavaThread "Compiler Processing Task"   daemon [_thread_blocked, id=14660, stack(0x00000001b7200000,0x00000001b7300000) (1024K)]
Total: 97

Other Threads:
  0x000001430a0633b0 VMThread "VM Thread"                           [id=17068, stack(0x00000001b7600000,0x00000001b7700000) (1024K)]
  0x000001430a1645f0 WatcherThread "VM Periodic Task Thread"        [id=16084, stack(0x00000001b7500000,0x00000001b7600000) (1024K)]
  0x000001430a115730 WorkerThread "GC Thread#0"                     [id=17520, stack(0x00000001b7400000,0x00000001b7500000) (1024K)]
  0x0000014363cd7140 WorkerThread "GC Thread#1"                     [id=10536, stack(0x00000001b8300000,0x00000001b8400000) (1024K)]
  0x0000014363cd74f0 WorkerThread "GC Thread#2"                     [id=10432, stack(0x00000001b8400000,0x00000001b8500000) (1024K)]
  0x0000014363e836c0 WorkerThread "GC Thread#3"                     [id=17856, stack(0x00000001b8500000,0x00000001b8600000) (1024K)]
  0x0000014363e83a70 WorkerThread "GC Thread#4"                     [id=17156, stack(0x00000001b8600000,0x00000001b8700000) (1024K)]
  0x0000014363e83e20 WorkerThread "GC Thread#5"                     [id=16912, stack(0x00000001b8700000,0x00000001b8800000) (1024K)]
  0x0000014363a70270 WorkerThread "GC Thread#6"                     [id=16940, stack(0x00000001b8800000,0x00000001b8900000) (1024K)]
  0x000001436821ae50 WorkerThread "GC Thread#7"                     [id=17536, stack(0x00000001b9100000,0x00000001b9200000) (1024K)]
Total: 10

Threads with active compile tasks:
C2 CompilerThread0  210513 17487  s!   4       org.eclipse.jdt.internal.core.index.DiskIndex::readCategoryTable (743 bytes)
Total: 1

VM state: not at safepoint (normal execution)

VM Mutex/Monitor currently owned by a thread: None

Heap address: 0x0000000080000000, size: 2048 MB, Compressed Oops mode: 32-bit

CDS archive(s) mapped at: [0x0000014321000000-0x0000014321ba0000-0x0000014321ba0000), size 12189696, SharedBaseAddress: 0x0000014321000000, ArchiveRelocationMode: 1.
Compressed class space mapped at: 0x0000014322000000-0x0000014362000000, reserved size: 1073741824
Narrow klass base: 0x0000014321000000, Narrow klass shift: 0, Narrow klass range: 0x100000000

GC Precious Log:
 CardTable entry size: 512
 CPUs: 8 total, 8 available
 Memory: 7991M
 Large Page Support: Disabled
 NUMA Support: Disabled
 Compressed Oops: Enabled (32-bit)
 Alignments: Space 512K, Generation 512K, Heap 2M
 Heap Min Capacity: 100M
 Heap Initial Capacity: 100M
 Heap Max Capacity: 2G
 Pre-touch: Disabled
 Parallel Workers: 8

Heap:
 PSYoungGen      total 6144K, used 518K [0x00000000d5580000, 0x00000000d5c00000, 0x0000000100000000)
  eden space 5632K, 4% used [0x00000000d5580000,0x00000000d55c1ac0,0x00000000d5b00000)
  from space 512K, 50% used [0x00000000d5b80000,0x00000000d5bc0000,0x00000000d5c00000)
  to   space 512K, 0% used [0x00000000d5b00000,0x00000000d5b00000,0x00000000d5b80000)
 ParOldGen       total 1282560K, used 1282419K [0x0000000080000000, 0x00000000ce480000, 0x00000000d5580000)
  object space 1282560K, 99% used [0x0000000080000000,0x00000000ce45cea8,0x00000000ce480000)
 Metaspace       used 66574K, committed 68224K, reserved 1114112K
  class space    used 6713K, committed 7552K, reserved 1048576K

Card table byte_map: [0x0000014309a90000,0x0000014309ea0000] _byte_map_base: 0x0000014309690000

Marking Bits: (ParMarkBitMap*) 0x00007ff912f744a0
 Begin Bits: [0x000001431c5a0000, 0x000001431e5a0000)
 End Bits:   [0x000001431e5a0000, 0x00000143205a0000)

Polling page: 0x0000014307f00000

Metaspace:

Usage:
  Non-class:     58.46 MB used.
      Class:      6.56 MB used.
       Both:     65.01 MB used.

Virtual space:
  Non-class space:       64.00 MB reserved,      59.25 MB ( 93%) committed,  1 nodes.
      Class space:        1.00 GB reserved,       7.38 MB ( <1%) committed,  1 nodes.
             Both:        1.06 GB reserved,      66.62 MB (  6%) committed. 

Chunk freelists:
   Non-Class:  4.59 MB
       Class:  8.61 MB
        Both:  13.20 MB

MaxMetaspaceSize: unlimited
CompressedClassSpaceSize: 1.00 GB
Initial GC threshold: 21.00 MB
Current GC threshold: 110.12 MB
CDS: on
 - commit_granule_bytes: 65536.
 - commit_granule_words: 8192.
 - virtual_space_node_default_size: 8388608.
 - enlarge_chunks_in_place: 1.
 - use_allocation_guard: 0.


Internal statistics:

num_allocs_failed_limit: 9.
num_arena_births: 1830.
num_arena_deaths: 18.
num_vsnodes_births: 2.
num_vsnodes_deaths: 0.
num_space_committed: 1066.
num_space_uncommitted: 0.
num_chunks_returned_to_freelist: 29.
num_chunks_taken_from_freelist: 5616.
num_chunk_merges: 13.
num_chunk_splits: 3267.
num_chunks_enlarged: 1454.
num_inconsistent_stats: 0.

CodeHeap 'non-profiled nmethods': size=120000Kb used=16832Kb max_used=16850Kb free=103167Kb
 bounds [0x0000014314dc0000, 0x0000014315e40000, 0x000001431c2f0000]
CodeHeap 'profiled nmethods': size=120000Kb used=29272Kb max_used=34323Kb free=90727Kb
 bounds [0x000001430d2f0000, 0x000001430f480000, 0x0000014314820000]
CodeHeap 'non-nmethods': size=5760Kb used=1447Kb max_used=1541Kb free=4312Kb
 bounds [0x0000014314820000, 0x0000014314a90000, 0x0000014314dc0000]
CodeCache: size=245760Kb, used=47551Kb, max_used=52714Kb, free=198206Kb
 total_blobs=14271, nmethods=13525, adapters=650, full_count=0
Compilation: enabled, stopped_count=0, restarted_count=0

Compilation events (20 events):
Event: 209.129 Thread 0x0000014363337a00 nmethod 17478 0x000001430d87de10 code [0x000001430d87dfc0, 0x000001430d87e110]
Event: 209.129 Thread 0x0000014363337a00 17479       3       java.util.concurrent.ThreadPoolExecutor$Worker::<init> (34 bytes)
Event: 209.130 Thread 0x0000014363337a00 nmethod 17479 0x000001430e0bad10 code [0x000001430e0baee0, 0x000001430e0bb2e8]
Event: 209.130 Thread 0x0000014363337a00 17480       3       java.lang.Thread::getState (5 bytes)
Event: 209.130 Thread 0x0000014363337a00 nmethod 17480 0x000001430d492d10 code [0x000001430d492ec0, 0x000001430d4930d8]
Event: 209.196 Thread 0x0000014363337a00 17481       3       org.eclipse.jdt.internal.core.ClasspathEntry::<init> (365 bytes)
Event: 209.198 Thread 0x0000014363337a00 nmethod 17481 0x000001430de05890 code [0x000001430de05c40, 0x000001430de07820]
Event: 209.255 Thread 0x0000014363337a00 17482       3       sun.nio.ch.FileChannelImpl::beginBlocking (12 bytes)
Event: 209.255 Thread 0x0000014363337a00 nmethod 17482 0x000001430d8b1e90 code [0x000001430d8b2040, 0x000001430d8b21b0]
Event: 209.255 Thread 0x0000014363337a00 17483       3       sun.nio.ch.FileChannelImpl::endBlocking (13 bytes)
Event: 209.255 Thread 0x0000014363337a00 nmethod 17483 0x000001430d8edb10 code [0x000001430d8edcc0, 0x000001430d8ede30]
Event: 209.262 Thread 0x0000014363336290 17484       4       org.eclipse.jdt.internal.compiler.ast.AbstractMethodDeclaration::isNative (30 bytes)
Event: 209.263 Thread 0x0000014363336290 nmethod 17484 0x0000014315459a10 code [0x0000014315459ba0, 0x0000014315459c88]
Event: 209.263 Thread 0x0000014363336290 17485       4       org.eclipse.core.runtime.Path::toString (210 bytes)
Event: 209.280 Thread 0x0000014363336290 nmethod 17485 0x0000014315457890 code [0x0000014315457ae0, 0x0000014315458ee8]
Event: 209.300 Thread 0x0000014363336290 17486       4       org.eclipse.jdt.core.search.IParallelizable::initBeforeSearch (1 bytes)
Event: 209.301 Thread 0x0000014363336290 nmethod 17486 0x0000014315457590 code [0x0000014315457720, 0x00000143154577a8]
Event: 209.312 Thread 0x0000014363336290 17487  s!   4       org.eclipse.jdt.internal.core.index.DiskIndex::readCategoryTable (743 bytes)
Event: 209.312 Thread 0x0000014363337a00 17488       3       org.eclipse.core.internal.events.ResourceDelta::fixMovesAndMarkers (350 bytes)
Event: 209.315 Thread 0x0000014363337a00 nmethod 17488 0x000001430e5a7f90 code [0x000001430e5a8280, 0x000001430e5a9578]

GC Heap History (20 events):
Event: 207.930 GC heap before
{Heap before GC invocations=5834 (full 5):
 PSYoungGen      total 4608K, used 4583K [0x00000000d5580000, 0x00000000d5c80000, 0x0000000100000000)
  eden space 4096K, 99% used [0x00000000d5580000,0x00000000d597fff0,0x00000000d5980000)
  from space 512K, 95% used [0x00000000d5b00000,0x00000000d5b79f90,0x00000000d5b80000)
  to   space 1536K, 0% used [0x00000000d5980000,0x00000000d5980000,0x00000000d5b00000)
 ParOldGen       total 1274880K, used 1274684K [0x0000000080000000, 0x00000000cdd00000, 0x00000000d5580000)
  object space 1274880K, 99% used [0x0000000080000000,0x00000000cdccf280,0x00000000cdd00000)
 Metaspace       used 66573K, committed 68224K, reserved 1114112K
  class space    used 6712K, committed 7552K, reserved 1048576K
}
Event: 207.935 GC heap after
{Heap after GC invocations=5834 (full 5):
 PSYoungGen      total 5632K, used 1536K [0x00000000d5580000, 0x00000000d6080000, 0x0000000100000000)
  eden space 4096K, 0% used [0x00000000d5580000,0x00000000d5580000,0x00000000d5980000)
  from space 1536K, 100% used [0x00000000d5980000,0x00000000d5b00000,0x00000000d5b00000)
  to   space 3584K, 0% used [0x00000000d5d00000,0x00000000d5d00000,0x00000000d6080000)
 ParOldGen       total 1276416K, used 1276044K [0x0000000080000000, 0x00000000cde80000, 0x00000000d5580000)
  object space 1276416K, 99% used [0x0000000080000000,0x00000000cde23210,0x00000000cde80000)
 Metaspace       used 66573K, committed 68224K, reserved 1114112K
  class space    used 6712K, committed 7552K, reserved 1048576K
}
Event: 207.983 GC heap before
{Heap before GC invocations=5835 (full 5):
 PSYoungGen      total 5632K, used 5632K [0x00000000d5580000, 0x00000000d6080000, 0x0000000100000000)
  eden space 4096K, 100% used [0x00000000d5580000,0x00000000d5980000,0x00000000d5980000)
  from space 1536K, 100% used [0x00000000d5980000,0x00000000d5b00000,0x00000000d5b00000)
  to   space 3584K, 0% used [0x00000000d5d00000,0x00000000d5d00000,0x00000000d6080000)
 ParOldGen       total 1276416K, used 1276044K [0x0000000080000000, 0x00000000cde80000, 0x00000000d5580000)
  object space 1276416K, 99% used [0x0000000080000000,0x00000000cde23210,0x00000000cde80000)
 Metaspace       used 66573K, committed 68224K, reserved 1114112K
  class space    used 6712K, committed 7552K, reserved 1048576K
}
Event: 207.988 GC heap after
{Heap after GC invocations=5835 (full 5):
 PSYoungGen      total 5120K, used 672K [0x00000000d5580000, 0x00000000d5e00000, 0x0000000100000000)
  eden space 4096K, 0% used [0x00000000d5580000,0x00000000d5580000,0x00000000d5980000)
  from space 1024K, 65% used [0x00000000d5d00000,0x00000000d5da8000,0x00000000d5e00000)
  to   space 1536K, 0% used [0x00000000d5b00000,0x00000000d5b00000,0x00000000d5c80000)
 ParOldGen       total 1277952K, used 1277619K [0x0000000080000000, 0x00000000ce000000, 0x00000000d5580000)
  object space 1277952K, 99% used [0x0000000080000000,0x00000000cdfacc60,0x00000000ce000000)
 Metaspace       used 66573K, committed 68224K, reserved 1114112K
  class space    used 6712K, committed 7552K, reserved 1048576K
}
Event: 208.020 GC heap before
{Heap before GC invocations=5836 (full 5):
 PSYoungGen      total 5120K, used 4767K [0x00000000d5580000, 0x00000000d5e00000, 0x0000000100000000)
  eden space 4096K, 99% used [0x00000000d5580000,0x00000000d597fff0,0x00000000d5980000)
  from space 1024K, 65% used [0x00000000d5d00000,0x00000000d5da8000,0x00000000d5e00000)
  to   space 1536K, 0% used [0x00000000d5b00000,0x00000000d5b00000,0x00000000d5c80000)
 ParOldGen       total 1277952K, used 1277619K [0x0000000080000000, 0x00000000ce000000, 0x00000000d5580000)
  object space 1277952K, 99% used [0x0000000080000000,0x00000000cdfacc60,0x00000000ce000000)
 Metaspace       used 66573K, committed 68224K, reserved 1114112K
  class space    used 6712K, committed 7552K, reserved 1048576K
}
Event: 208.024 GC heap after
{Heap after GC invocations=5836 (full 5):
 PSYoungGen      total 5632K, used 384K [0x00000000d5580000, 0x00000000d5d80000, 0x0000000100000000)
  eden space 4096K, 0% used [0x00000000d5580000,0x00000000d5580000,0x00000000d5980000)
  from space 1536K, 25% used [0x00000000d5b00000,0x00000000d5b60000,0x00000000d5c80000)
  to   space 1024K, 0% used [0x00000000d5c80000,0x00000000d5c80000,0x00000000d5d80000)
 ParOldGen       total 1278464K, used 1278155K [0x0000000080000000, 0x00000000ce080000, 0x00000000d5580000)
  object space 1278464K, 99% used [0x0000000080000000,0x00000000ce032c60,0x00000000ce080000)
 Metaspace       used 66573K, committed 68224K, reserved 1114112K
  class space    used 6712K, committed 7552K, reserved 1048576K
}
Event: 208.032 GC heap before
{Heap before GC invocations=5837 (full 5):
 PSYoungGen      total 5632K, used 4480K [0x00000000d5580000, 0x00000000d5d80000, 0x0000000100000000)
  eden space 4096K, 100% used [0x00000000d5580000,0x00000000d5980000,0x00000000d5980000)
  from space 1536K, 25% used [0x00000000d5b00000,0x00000000d5b60000,0x00000000d5c80000)
  to   space 1024K, 0% used [0x00000000d5c80000,0x00000000d5c80000,0x00000000d5d80000)
 ParOldGen       total 1278464K, used 1278155K [0x0000000080000000, 0x00000000ce080000, 0x00000000d5580000)
  object space 1278464K, 99% used [0x0000000080000000,0x00000000ce032c60,0x00000000ce080000)
 Metaspace       used 66573K, committed 68224K, reserved 1114112K
  class space    used 6712K, committed 7552K, reserved 1048576K
}
Event: 208.037 GC heap after
{Heap after GC invocations=5837 (full 5):
 PSYoungGen      total 4608K, used 1007K [0x00000000d5580000, 0x00000000d6080000, 0x0000000100000000)
  eden space 3584K, 0% used [0x00000000d5580000,0x00000000d5580000,0x00000000d5900000)
  from space 1024K, 98% used [0x00000000d5c80000,0x00000000d5d7bf20,0x00000000d5d80000)
  to   space 3584K, 0% used [0x00000000d5900000,0x00000000d5900000,0x00000000d5c80000)
 ParOldGen       total 1280512K, used 1280181K [0x0000000080000000, 0x00000000ce280000, 0x00000000d5580000)
  object space 1280512K, 99% used [0x0000000080000000,0x00000000ce22d6d8,0x00000000ce280000)
 Metaspace       used 66573K, committed 68224K, reserved 1114112K
  class space    used 6712K, committed 7552K, reserved 1048576K
}
Event: 208.061 GC heap before
{Heap before GC invocations=5838 (full 5):
 PSYoungGen      total 4608K, used 4591K [0x00000000d5580000, 0x00000000d6080000, 0x0000000100000000)
  eden space 3584K, 99% used [0x00000000d5580000,0x00000000d58ffe38,0x00000000d5900000)
  from space 1024K, 98% used [0x00000000d5c80000,0x00000000d5d7bf20,0x00000000d5d80000)
  to   space 3584K, 0% used [0x00000000d5900000,0x00000000d5900000,0x00000000d5c80000)
 ParOldGen       total 1280512K, used 1280181K [0x0000000080000000, 0x00000000ce280000, 0x00000000d5580000)
  object space 1280512K, 99% used [0x0000000080000000,0x00000000ce22d6d8,0x00000000ce280000)
 Metaspace       used 66573K, committed 68224K, reserved 1114112K
  class space    used 6712K, committed 7552K, reserved 1048576K
}
Event: 208.064 GC heap after
{Heap after GC invocations=5838 (full 5):
 PSYoungGen      total 4608K, used 928K [0x00000000d5580000, 0x00000000d5d00000, 0x0000000100000000)
  eden space 3584K, 0% used [0x00000000d5580000,0x00000000d5580000,0x00000000d5900000)
  from space 1024K, 90% used [0x00000000d5900000,0x00000000d59e8000,0x00000000d5a00000)
  to   space 2048K, 0% used [0x00000000d5b00000,0x00000000d5b00000,0x00000000d5d00000)
 ParOldGen       total 1281536K, used 1281213K [0x0000000080000000, 0x00000000ce380000, 0x00000000d5580000)
  object space 1281536K, 99% used [0x0000000080000000,0x00000000ce32f5f8,0x00000000ce380000)
 Metaspace       used 66573K, committed 68224K, reserved 1114112K
  class space    used 6712K, committed 7552K, reserved 1048576K
}
Event: 208.103 GC heap before
{Heap before GC invocations=5839 (full 5):
 PSYoungGen      total 4608K, used 4463K [0x00000000d5580000, 0x00000000d5d00000, 0x0000000100000000)
  eden space 3584K, 98% used [0x00000000d5580000,0x00000000d58f3de0,0x00000000d5900000)
  from space 1024K, 90% used [0x00000000d5900000,0x00000000d59e8000,0x00000000d5a00000)
  to   space 2048K, 0% used [0x00000000d5b00000,0x00000000d5b00000,0x00000000d5d00000)
 ParOldGen       total 1281536K, used 1281213K [0x0000000080000000, 0x00000000ce380000, 0x00000000d5580000)
  object space 1281536K, 99% used [0x0000000080000000,0x00000000ce32f5f8,0x00000000ce380000)
 Metaspace       used 66573K, committed 68224K, reserved 1114112K
  class space    used 6712K, committed 7552K, reserved 1048576K
}
Event: 209.111 GC heap after
{Heap after GC invocations=5839 (full 5):
 PSYoungGen      total 5632K, used 368K [0x00000000d5580000, 0x00000000d5c00000, 0x0000000100000000)
  eden space 4608K, 0% used [0x00000000d5580000,0x00000000d5580000,0x00000000d5a00000)
  from space 1024K, 35% used [0x00000000d5b00000,0x00000000d5b5c050,0x00000000d5c00000)
  to   space 1024K, 0% used [0x00000000d5a00000,0x00000000d5a00000,0x00000000d5b00000)
 ParOldGen       total 1282560K, used 1282115K [0x0000000080000000, 0x00000000ce480000, 0x00000000d5580000)
  object space 1282560K, 99% used [0x0000000080000000,0x00000000ce410e38,0x00000000ce480000)
 Metaspace       used 66573K, committed 68224K, reserved 1114112K
  class space    used 6712K, committed 7552K, reserved 1048576K
}
Event: 209.158 GC heap before
{Heap before GC invocations=5840 (full 5):
 PSYoungGen      total 5632K, used 4976K [0x00000000d5580000, 0x00000000d5c00000, 0x0000000100000000)
  eden space 4608K, 100% used [0x00000000d5580000,0x00000000d5a00000,0x00000000d5a00000)
  from space 1024K, 35% used [0x00000000d5b00000,0x00000000d5b5c050,0x00000000d5c00000)
  to   space 1024K, 0% used [0x00000000d5a00000,0x00000000d5a00000,0x00000000d5b00000)
 ParOldGen       total 1282560K, used 1282115K [0x0000000080000000, 0x00000000ce480000, 0x00000000d5580000)
  object space 1282560K, 99% used [0x0000000080000000,0x00000000ce410e38,0x00000000ce480000)
 Metaspace       used 66573K, committed 68224K, reserved 1114112K
  class space    used 6712K, committed 7552K, reserved 1048576K
}
Event: 209.163 GC heap after
{Heap after GC invocations=5840 (full 5):
 PSYoungGen      total 5632K, used 128K [0x00000000d5580000, 0x00000000d5c00000, 0x0000000100000000)
  eden space 4608K, 0% used [0x00000000d5580000,0x00000000d5580000,0x00000000d5a00000)
  from space 1024K, 12% used [0x00000000d5a00000,0x00000000d5a20000,0x00000000d5b00000)
  to   space 512K, 0% used [0x00000000d5b80000,0x00000000d5b80000,0x00000000d5c00000)
 ParOldGen       total 1282560K, used 1282223K [0x0000000080000000, 0x00000000ce480000, 0x00000000d5580000)
  object space 1282560K, 99% used [0x0000000080000000,0x00000000ce42be68,0x00000000ce480000)
 Metaspace       used 66573K, committed 68224K, reserved 1114112K
  class space    used 6712K, committed 7552K, reserved 1048576K
}
Event: 209.220 GC heap before
{Heap before GC invocations=5841 (full 5):
 PSYoungGen      total 5632K, used 4728K [0x00000000d5580000, 0x00000000d5c00000, 0x0000000100000000)
  eden space 4608K, 99% used [0x00000000d5580000,0x00000000d59fe198,0x00000000d5a00000)
  from space 1024K, 12% used [0x00000000d5a00000,0x00000000d5a20000,0x00000000d5b00000)
  to   space 512K, 0% used [0x00000000d5b80000,0x00000000d5b80000,0x00000000d5c00000)
 ParOldGen       total 1282560K, used 1282223K [0x0000000080000000, 0x00000000ce480000, 0x00000000d5580000)
  object space 1282560K, 99% used [0x0000000080000000,0x00000000ce42be68,0x00000000ce480000)
 Metaspace       used 66574K, committed 68224K, reserved 1114112K
  class space    used 6713K, committed 7552K, reserved 1048576K
}
Event: 209.224 GC heap after
{Heap after GC invocations=5841 (full 5):
 PSYoungGen      total 6144K, used 224K [0x00000000d5580000, 0x00000000d5c00000, 0x0000000100000000)
  eden space 5632K, 0% used [0x00000000d5580000,0x00000000d5580000,0x00000000d5b00000)
  from space 512K, 43% used [0x00000000d5b80000,0x00000000d5bb8000,0x00000000d5c00000)
  to   space 512K, 0% used [0x00000000d5b00000,0x00000000d5b00000,0x00000000d5b80000)
 ParOldGen       total 1282560K, used 1282255K [0x0000000080000000, 0x00000000ce480000, 0x00000000d5580000)
  object space 1282560K, 99% used [0x0000000080000000,0x00000000ce433e68,0x00000000ce480000)
 Metaspace       used 66574K, committed 68224K, reserved 1114112K
  class space    used 6713K, committed 7552K, reserved 1048576K
}
Event: 209.302 GC heap before
{Heap before GC invocations=5842 (full 5):
 PSYoungGen      total 6144K, used 5782K [0x00000000d5580000, 0x00000000d5c00000, 0x0000000100000000)
  eden space 5632K, 98% used [0x00000000d5580000,0x00000000d5aedaa0,0x00000000d5b00000)
  from space 512K, 43% used [0x00000000d5b80000,0x00000000d5bb8000,0x00000000d5c00000)
  to   space 512K, 0% used [0x00000000d5b00000,0x00000000d5b00000,0x00000000d5b80000)
 ParOldGen       total 1282560K, used 1282255K [0x0000000080000000, 0x00000000ce480000, 0x00000000d5580000)
  object space 1282560K, 99% used [0x0000000080000000,0x00000000ce433e68,0x00000000ce480000)
 Metaspace       used 66574K, committed 68224K, reserved 1114112K
  class space    used 6713K, committed 7552K, reserved 1048576K
}
Event: 209.306 GC heap after
{Heap after GC invocations=5842 (full 5):
 PSYoungGen      total 6144K, used 256K [0x00000000d5580000, 0x00000000d5c00000, 0x0000000100000000)
  eden space 5632K, 0% used [0x00000000d5580000,0x00000000d5580000,0x00000000d5b00000)
  from space 512K, 50% used [0x00000000d5b00000,0x00000000d5b40000,0x00000000d5b80000)
  to   space 512K, 0% used [0x00000000d5b80000,0x00000000d5b80000,0x00000000d5c00000)
 ParOldGen       total 1282560K, used 1282359K [0x0000000080000000, 0x00000000ce480000, 0x00000000d5580000)
  object space 1282560K, 99% used [0x0000000080000000,0x00000000ce44de68,0x00000000ce480000)
 Metaspace       used 66574K, committed 68224K, reserved 1114112K
  class space    used 6713K, committed 7552K, reserved 1048576K
}
Event: 209.332 GC heap before
{Heap before GC invocations=5843 (full 5):
 PSYoungGen      total 6144K, used 5888K [0x00000000d5580000, 0x00000000d5c00000, 0x0000000100000000)
  eden space 5632K, 100% used [0x00000000d5580000,0x00000000d5b00000,0x00000000d5b00000)
  from space 512K, 50% used [0x00000000d5b00000,0x00000000d5b40000,0x00000000d5b80000)
  to   space 512K, 0% used [0x00000000d5b80000,0x00000000d5b80000,0x00000000d5c00000)
 ParOldGen       total 1282560K, used 1282359K [0x0000000080000000, 0x00000000ce480000, 0x00000000d5580000)
  object space 1282560K, 99% used [0x0000000080000000,0x00000000ce44de68,0x00000000ce480000)
 Metaspace       used 66574K, committed 68224K, reserved 1114112K
  class space    used 6713K, committed 7552K, reserved 1048576K
}
Event: 209.335 GC heap after
{Heap after GC invocations=5843 (full 5):
 PSYoungGen      total 6144K, used 256K [0x00000000d5580000, 0x00000000d5c00000, 0x0000000100000000)
  eden space 5632K, 0% used [0x00000000d5580000,0x00000000d5580000,0x00000000d5b00000)
  from space 512K, 50% used [0x00000000d5b80000,0x00000000d5bc0000,0x00000000d5c00000)
  to   space 512K, 0% used [0x00000000d5b00000,0x00000000d5b00000,0x00000000d5b80000)
 ParOldGen       total 1282560K, used 1282419K [0x0000000080000000, 0x00000000ce480000, 0x00000000d5580000)
  object space 1282560K, 99% used [0x0000000080000000,0x00000000ce45cea8,0x00000000ce480000)
 Metaspace       used 66574K, committed 68224K, reserved 1114112K
  class space    used 6713K, committed 7552K, reserved 1048576K
}

Dll operation events (20 events):
Event: 0.130 Attempting to load shared library C:\Users\Admin\.vscode\extensions\redhat.java-1.56.0-win32-x64\jre\21.0.12.1-win32-x86_64\bin\instrument.dll
Event: 0.130 Loaded shared library C:\Users\Admin\.vscode\extensions\redhat.java-1.56.0-win32-x64\jre\21.0.12.1-win32-x86_64\bin\instrument.dll
Event: 0.136 Attempting to load shared library C:\Users\Admin\.vscode\extensions\redhat.java-1.56.0-win32-x64\jre\21.0.12.1-win32-x86_64\bin\net.dll
Event: 0.138 Loaded shared library C:\Users\Admin\.vscode\extensions\redhat.java-1.56.0-win32-x64\jre\21.0.12.1-win32-x86_64\bin\net.dll
Event: 0.141 Attempting to load shared library C:\Users\Admin\.vscode\extensions\redhat.java-1.56.0-win32-x64\jre\21.0.12.1-win32-x86_64\bin\nio.dll
Event: 0.141 Loaded shared library C:\Users\Admin\.vscode\extensions\redhat.java-1.56.0-win32-x64\jre\21.0.12.1-win32-x86_64\bin\nio.dll
Event: 0.145 Attempting to load shared library C:\Users\Admin\.vscode\extensions\redhat.java-1.56.0-win32-x64\jre\21.0.12.1-win32-x86_64\bin\zip.dll
Event: 0.145 Loaded shared library C:\Users\Admin\.vscode\extensions\redhat.java-1.56.0-win32-x64\jre\21.0.12.1-win32-x86_64\bin\zip.dll
Event: 0.162 Attempting to load shared library C:\Users\Admin\.vscode\extensions\redhat.java-1.56.0-win32-x64\jre\21.0.12.1-win32-x86_64\bin\jimage.dll
Event: 0.162 Loaded shared library C:\Users\Admin\.vscode\extensions\redhat.java-1.56.0-win32-x64\jre\21.0.12.1-win32-x86_64\bin\jimage.dll
Event: 0.240 Attempting to load shared library c:\Users\Admin\.vscode\extensions\redhat.java-1.56.0-win32-x64\jre\21.0.12.1-win32-x86_64\bin\verify.dll
Event: 0.240 Loaded shared library c:\Users\Admin\.vscode\extensions\redhat.java-1.56.0-win32-x64\jre\21.0.12.1-win32-x86_64\bin\verify.dll
Event: 1.536 Attempting to load shared library C:\Users\Admin\AppData\Roaming\Code\User\globalStorage\redhat.java\1.56.0\config_win\org.eclipse.equinox.launcher\org.eclipse.equinox.launcher.win32.win32.x86_64_1.3.100.v20260804-1928\eclipse_11924.dll
Event: 1.540 Loaded shared library C:\Users\Admin\AppData\Roaming\Code\User\globalStorage\redhat.java\1.56.0\config_win\org.eclipse.equinox.launcher\org.eclipse.equinox.launcher.win32.win32.x86_64_1.3.100.v20260804-1928\eclipse_11924.dll
Event: 2.678 Attempting to load shared library C:\Users\Admin\.vscode\extensions\redhat.java-1.56.0-win32-x64\jre\21.0.12.1-win32-x86_64\bin\management.dll
Event: 2.679 Loaded shared library C:\Users\Admin\.vscode\extensions\redhat.java-1.56.0-win32-x64\jre\21.0.12.1-win32-x86_64\bin\management.dll
Event: 2.683 Attempting to load shared library C:\Users\Admin\.vscode\extensions\redhat.java-1.56.0-win32-x64\jre\21.0.12.1-win32-x86_64\bin\management_ext.dll
Event: 2.684 Loaded shared library C:\Users\Admin\.vscode\extensions\redhat.java-1.56.0-win32-x64\jre\21.0.12.1-win32-x86_64\bin\management_ext.dll
Event: 4.496 Attempting to load shared library C:\Users\Admin\AppData\Local\Temp\jna-63116079\jna5434368830132049106.dll
Event: 4.825 Loaded shared library C:\Users\Admin\AppData\Local\Temp\jna-63116079\jna5434368830132049106.dll

Deoptimization events (20 events):
Event: 207.697 Thread 0x000001436b1c55e0 Uncommon trap: trap_request=0xffffff45 fr.pc=0x0000014315deb714 relative=0x0000000000000a14
Event: 207.697 Thread 0x000001436b1c55e0 Uncommon trap: reason=unstable_if action=reinterpret pc=0x0000014315deb714 method=org.eclipse.lsp4j.jsonrpc.RemoteEndpoint.handleResponse(Lorg/eclipse/lsp4j/jsonrpc/messages/ResponseMessage;)V @ 65 c2
Event: 207.697 Thread 0x000001436b1c55e0 DEOPT PACKING pc=0x0000014315deb714 sp=0x00000001ba5ff200
Event: 207.697 Thread 0x000001436b1c55e0 DEOPT UNPACKING pc=0x0000014314876da2 sp=0x00000001ba5ff1e8 mode 2
Event: 207.764 Thread 0x000001436cf982e0 Uncommon trap: trap_request=0xffffffde fr.pc=0x0000014315ca7a84 relative=0x0000000000000924
Event: 207.764 Thread 0x000001436cf982e0 Uncommon trap: reason=class_check action=maybe_recompile pc=0x0000014315ca7a84 method=java.lang.String.join(Ljava/lang/CharSequence;Ljava/lang/Iterable;)Ljava/lang/String; @ 27 c2
Event: 207.764 Thread 0x000001436cf982e0 DEOPT PACKING pc=0x0000014315ca7a84 sp=0x00000001bd8fe5a0
Event: 207.764 Thread 0x000001436cf982e0 DEOPT UNPACKING pc=0x0000014314876da2 sp=0x00000001bd8fe568 mode 2
Event: 207.924 Thread 0x0000014369b04430 DEOPT PACKING pc=0x000001430f1fd71b sp=0x00000001beeff010
Event: 207.924 Thread 0x0000014369b04430 DEOPT UNPACKING pc=0x00000143148778e2 sp=0x00000001beefe730 mode 0
Event: 208.026 Thread 0x000001436928b8d0 DEOPT PACKING pc=0x000001430e11b3ca sp=0x00000001becfebe0
Event: 208.026 Thread 0x000001436928b8d0 DEOPT UNPACKING pc=0x00000143148778e2 sp=0x00000001becfe0d8 mode 0
Event: 208.028 Thread 0x0000014369b04430 DEOPT PACKING pc=0x000001430f1fd71b sp=0x00000001beeff010
Event: 208.028 Thread 0x0000014369b04430 DEOPT UNPACKING pc=0x00000143148778e2 sp=0x00000001beefe730 mode 0
Event: 209.111 Thread 0x0000014369b06500 Uncommon trap: trap_request=0xffffffde fr.pc=0x000001431530a458 relative=0x0000000000006b38
Event: 209.111 Thread 0x0000014369b06500 Uncommon trap: reason=class_check action=maybe_recompile pc=0x000001431530a458 method=org.eclipse.core.internal.jobs.JobManager.nextJob()Lorg/eclipse/core/runtime/jobs/Job; @ 41 c2
Event: 209.111 Thread 0x0000014369b06500 DEOPT PACKING pc=0x000001431530a458 sp=0x00000001bd9ff380
Event: 209.111 Thread 0x0000014369b06500 DEOPT UNPACKING pc=0x0000014314876da2 sp=0x00000001bd9ff360 mode 2
Event: 209.311 Thread 0x0000014369b04430 DEOPT PACKING pc=0x000001430f1fd71b sp=0x00000001beeff010
Event: 209.311 Thread 0x0000014369b04430 DEOPT UNPACKING pc=0x00000143148778e2 sp=0x00000001beefe730 mode 0

Classes loaded (20 events):
Event: 16.638 Loading class java/util/Hashtable$ValueCollection
Event: 16.639 Loading class java/util/Hashtable$ValueCollection done
Event: 16.647 Loading class java/util/concurrent/ConcurrentHashMap$KeySpliterator
Event: 16.648 Loading class java/util/concurrent/ConcurrentHashMap$KeySpliterator done
Event: 17.333 Loading class java/util/stream/ReduceOps$5
Event: 17.334 Loading class java/util/stream/ReduceOps$5 done
Event: 17.334 Loading class java/util/stream/ReduceOps$CountingSink$OfRef
Event: 17.334 Loading class java/util/stream/ReduceOps$CountingSink
Event: 17.334 Loading class java/util/stream/ReduceOps$CountingSink done
Event: 17.334 Loading class java/util/stream/ReduceOps$CountingSink$OfRef done
Event: 17.354 Loading class java/util/stream/ReduceOps$1
Event: 17.354 Loading class java/util/stream/ReduceOps$1 done
Event: 17.354 Loading class java/util/stream/ReduceOps$1ReducingSink
Event: 17.354 Loading class java/util/stream/ReduceOps$1ReducingSink done
Event: 199.790 Loading class java/nio/file/FileTreeIterator
Event: 199.794 Loading class java/nio/file/FileTreeIterator done
Event: 200.073 Loading class java/lang/StackStreamFactory$CallerClassFinder
Event: 200.073 Loading class java/lang/StackStreamFactory$CallerClassFinder done
Event: 200.074 Loading class java/lang/StackStreamFactory$CallerClassFinder$ClassBuffer
Event: 200.078 Loading class java/lang/StackStreamFactory$CallerClassFinder$ClassBuffer done

Classes unloaded (9 events):
Event: 3.276 Thread 0x000001430a0633b0 Unloading class 0x00000143221b4800 'java/lang/invoke/LambdaForm$MH+0x00000143221b4800'
Event: 3.277 Thread 0x000001430a0633b0 Unloading class 0x00000143221b4400 'java/lang/invoke/LambdaForm$MH+0x00000143221b4400'
Event: 3.277 Thread 0x000001430a0633b0 Unloading class 0x00000143221b4000 'java/lang/invoke/LambdaForm$MH+0x00000143221b4000'
Event: 3.277 Thread 0x000001430a0633b0 Unloading class 0x00000143221b3c00 'java/lang/invoke/LambdaForm$MH+0x00000143221b3c00'
Event: 3.277 Thread 0x000001430a0633b0 Unloading class 0x00000143221b3800 'java/lang/invoke/LambdaForm$BMH+0x00000143221b3800'
Event: 3.277 Thread 0x000001430a0633b0 Unloading class 0x00000143221b3400 'java/lang/invoke/LambdaForm$DMH+0x00000143221b3400'
Event: 3.277 Thread 0x000001430a0633b0 Unloading class 0x00000143221b2000 'java/lang/invoke/LambdaForm$DMH+0x00000143221b2000'
Event: 5.717 Thread 0x000001430a0633b0 Unloading class 0x00000143222fd800 'java/lang/invoke/LambdaForm$MH+0x00000143222fd800'
Event: 5.717 Thread 0x000001430a0633b0 Unloading class 0x00000143222fd000 'java/lang/invoke/LambdaForm$MH+0x00000143222fd000'

Classes redefined (0 events):
No events

Internal exceptions (20 events):
Event: 209.300 Thread 0x000001436d315e20 Exception <a 'sun/nio/fs/WindowsException'{0x00000000d5ae7750}> (0x00000000d5ae7750) 
thrown [s\src\hotspot\share\prims\jni.cpp, line 520]
Event: 209.301 Thread 0x000001436d315e20 Exception <a 'sun/nio/fs/WindowsException'{0x00000000d5ae9308}> (0x00000000d5ae9308) 
thrown [s\src\hotspot\share\prims\jni.cpp, line 520]
Event: 209.301 Thread 0x000001436d315e20 Exception <a 'sun/nio/fs/WindowsException'{0x00000000d5ae9ef0}> (0x00000000d5ae9ef0) 
thrown [s\src\hotspot\share\prims\jni.cpp, line 520]
Event: 209.301 Thread 0x000001436d315e20 Exception <a 'sun/nio/fs/WindowsException'{0x00000000d5aea5d0}> (0x00000000d5aea5d0) 
thrown [s\src\hotspot\share\prims\jni.cpp, line 520]
Event: 209.301 Thread 0x000001436d315e20 Exception <a 'sun/nio/fs/WindowsException'{0x00000000d5aebaa8}> (0x00000000d5aebaa8) 
thrown [s\src\hotspot\share\prims\jni.cpp, line 520]
Event: 209.301 Thread 0x000001436d315e20 Exception <a 'sun/nio/fs/WindowsException'{0x00000000d5aebf48}> (0x00000000d5aebf48) 
thrown [s\src\hotspot\share\prims\jni.cpp, line 520]
Event: 209.302 Thread 0x000001436d315e20 Exception <a 'sun/nio/fs/WindowsException'{0x00000000d5aecaf0}> (0x00000000d5aecaf0) 
thrown [s\src\hotspot\share\prims\jni.cpp, line 520]
Event: 209.302 Thread 0x000001436d315e20 Exception <a 'sun/nio/fs/WindowsException'{0x00000000d5aed1f0}> (0x00000000d5aed1f0) 
thrown [s\src\hotspot\share\prims\jni.cpp, line 520]
Event: 209.308 Thread 0x00000143680bbfa0 Exception <a 'sun/nio/fs/WindowsException'{0x00000000d567c2b8}> (0x00000000d567c2b8) 
thrown [s\src\hotspot\share\prims\jni.cpp, line 520]
Event: 209.308 Thread 0x00000143680bbfa0 Exception <a 'sun/nio/fs/WindowsException'{0x00000000d56ab178}> (0x00000000d56ab178) 
thrown [s\src\hotspot\share\prims\jni.cpp, line 520]
Event: 209.309 Thread 0x00000143680bbfa0 Exception <a 'sun/nio/fs/WindowsException'{0x00000000d56bdaa8}> (0x00000000d56bdaa8) 
thrown [s\src\hotspot\share\prims\jni.cpp, line 520]
Event: 209.309 Thread 0x00000143680bbfa0 Exception <a 'sun/nio/fs/WindowsException'{0x00000000d56ee650}> (0x00000000d56ee650) 
thrown [s\src\hotspot\share\prims\jni.cpp, line 520]
Event: 209.309 Thread 0x00000143680bbfa0 Exception <a 'sun/nio/fs/WindowsException'{0x00000000d570e288}> (0x00000000d570e288) 
thrown [s\src\hotspot\share\prims\jni.cpp, line 520]
Event: 209.309 Thread 0x00000143680bbfa0 Exception <a 'sun/nio/fs/WindowsException'{0x00000000d570e728}> (0x00000000d570e728) 
thrown [s\src\hotspot\share\prims\jni.cpp, line 520]
Event: 209.309 Thread 0x00000143680bbfa0 Exception <a 'sun/nio/fs/WindowsException'{0x00000000d5715e58}> (0x00000000d5715e58) 
thrown [s\src\hotspot\share\prims\jni.cpp, line 520]
Event: 209.309 Thread 0x00000143680bbfa0 Exception <a 'sun/nio/fs/WindowsException'{0x00000000d572f760}> (0x00000000d572f760) 
thrown [s\src\hotspot\share\prims\jni.cpp, line 520]
Event: 209.313 Thread 0x00000143680bbfa0 Exception <a 'sun/nio/fs/WindowsException'{0x00000000d58a0608}> (0x00000000d58a0608) 
thrown [s\src\hotspot\share\prims\jni.cpp, line 520]
Event: 209.313 Thread 0x00000143680bbfa0 Exception <a 'sun/nio/fs/WindowsException'{0x00000000d58b3100}> (0x00000000d58b3100) 
thrown [s\src\hotspot\share\prims\jni.cpp, line 520]
Event: 209.321 Thread 0x000001436d315e20 Exception <a 'sun/nio/fs/WindowsException'{0x00000000d5abaa58}> (0x00000000d5abaa58) 
thrown [s\src\hotspot\share\prims\jni.cpp, line 520]
Event: 209.322 Thread 0x000001436d315e20 Exception <a 'sun/nio/fs/WindowsException'{0x00000000d5abb180}> (0x00000000d5abb180) 
thrown [s\src\hotspot\share\prims\jni.cpp, line 520]

ZGC Phase Switch (0 events):
No events

VM Operations (20 events):
Event: 207.930 Executing safepoint VM operation: ParallelGCFailedAllocation (Allocation Failure)
Event: 207.935 Executing safepoint VM operation: ParallelGCFailedAllocation (Allocation Failure) done
Event: 207.983 Executing safepoint VM operation: ParallelGCFailedAllocation (Allocation Failure)
Event: 207.988 Executing safepoint VM operation: ParallelGCFailedAllocation (Allocation Failure) done
Event: 208.020 Executing safepoint VM operation: ParallelGCFailedAllocation (Allocation Failure)
Event: 208.024 Executing safepoint VM operation: ParallelGCFailedAllocation (Allocation Failure) done
Event: 208.032 Executing safepoint VM operation: ParallelGCFailedAllocation (Allocation Failure)
Event: 208.037 Executing safepoint VM operation: ParallelGCFailedAllocation (Allocation Failure) done
Event: 208.061 Executing safepoint VM operation: ParallelGCFailedAllocation (Allocation Failure)
Event: 208.064 Executing safepoint VM operation: ParallelGCFailedAllocation (Allocation Failure) done
Event: 208.103 Executing safepoint VM operation: ParallelGCFailedAllocation (Allocation Failure)
Event: 209.111 Executing safepoint VM operation: ParallelGCFailedAllocation (Allocation Failure) done
Event: 209.158 Executing safepoint VM operation: ParallelGCFailedAllocation (Allocation Failure)
Event: 209.163 Executing safepoint VM operation: ParallelGCFailedAllocation (Allocation Failure) done
Event: 209.220 Executing safepoint VM operation: ParallelGCFailedAllocation (Allocation Failure)
Event: 209.224 Executing safepoint VM operation: ParallelGCFailedAllocation (Allocation Failure) done
Event: 209.302 Executing safepoint VM operation: ParallelGCFailedAllocation (Allocation Failure)
Event: 209.306 Executing safepoint VM operation: ParallelGCFailedAllocation (Allocation Failure) done
Event: 209.332 Executing safepoint VM operation: ParallelGCFailedAllocation (Allocation Failure)
Event: 209.335 Executing safepoint VM operation: ParallelGCFailedAllocation (Allocation Failure) done

Memory protections (0 events):
No events

Nmethod flushes (20 events):
Event: 144.591 Thread 0x000001430a0633b0 flushing  nmethod 0x000001430f2ac790
Event: 144.591 Thread 0x000001430a0633b0 flushing  nmethod 0x000001430f2acb90
Event: 144.591 Thread 0x000001430a0633b0 flushing osr nmethod 0x000001430f2acf10
Event: 144.591 Thread 0x000001430a0633b0 flushing  nmethod 0x000001430f2b1090
Event: 144.591 Thread 0x000001430a0633b0 flushing  nmethod 0x000001430f2b1610
Event: 144.591 Thread 0x000001430a0633b0 flushing  nmethod 0x000001430f2b5290
Event: 144.591 Thread 0x000001430a0633b0 flushing  nmethod 0x000001430f2b7890
Event: 144.591 Thread 0x000001430a0633b0 flushing  nmethod 0x000001430f2b8990
Event: 144.591 Thread 0x000001430a0633b0 flushing  nmethod 0x000001430f2b9110
Event: 144.591 Thread 0x000001430a0633b0 flushing  nmethod 0x000001430f2b9510
Event: 144.591 Thread 0x000001430a0633b0 flushing  nmethod 0x000001430f2bba10
Event: 144.591 Thread 0x000001430a0633b0 flushing osr nmethod 0x000001430f2be410
Event: 144.591 Thread 0x000001430a0633b0 flushing  nmethod 0x000001430f2c2390
Event: 144.591 Thread 0x000001430a0633b0 flushing  nmethod 0x000001430f2ca490
Event: 144.591 Thread 0x000001430a0633b0 flushing  nmethod 0x000001430f2ca910
Event: 144.591 Thread 0x000001430a0633b0 flushing  nmethod 0x000001430f2cf010
Event: 144.591 Thread 0x000001430a0633b0 flushing  nmethod 0x000001430f2d0410
Event: 144.591 Thread 0x000001430a0633b0 flushing osr nmethod 0x000001430f2d5190
Event: 144.591 Thread 0x000001430a0633b0 flushing  nmethod 0x000001430f2d6a10
Event: 144.591 Thread 0x000001430a0633b0 flushing  nmethod 0x000001430f2de610

Events (20 events):
Event: 200.039 Thread 0x0000014363337a00 Thread added: 0x0000014368b8d990
Event: 200.187 Thread 0x000001436b1c76b0 Thread added: 0x000001436d3171d0
Event: 200.267 Thread 0x0000014369288ae0 Thread added: 0x000001436d317860
Event: 201.693 Thread 0x0000014368b8d990 Thread exited: 0x0000014368b8d990
Event: 201.695 Thread 0x0000014369287730 Thread added: 0x000001436d315100
Event: 201.816 Thread 0x000001436d315100 Thread exited: 0x000001436d315100
Event: 201.846 Thread 0x000001436d319930 Thread added: 0x000001436d315100
Event: 201.954 Thread 0x000001436d315100 Thread exited: 0x000001436d315100
Event: 207.698 Thread 0x000001436cf982e0 Thread added: 0x000001436d31ace0
Event: 207.777 Thread 0x000001436d31ace0 Thread exited: 0x000001436d31ace0
Event: 207.816 Thread 0x000001436b1c83d0 Thread added: 0x000001436d31ace0
Event: 207.895 Thread 0x000001436d31ace0 Thread exited: 0x000001436d31ace0
Event: 207.925 Thread 0x0000014369b03080 Thread added: 0x000001436d31ace0
Event: 207.999 Thread 0x000001436d31ace0 Thread exited: 0x000001436d31ace0
Event: 208.039 Thread 0x0000014369b05e70 Thread added: 0x000001436d31ace0
Event: 208.092 Thread 0x000001436d31ace0 Thread exited: 0x000001436d31ace0
Event: 209.129 Thread 0x0000014369287730 Thread added: 0x000001436d31ace0
Event: 209.196 Thread 0x000001436d31ace0 Thread exited: 0x000001436d31ace0
Event: 209.225 Thread 0x0000014369286380 Thread added: 0x000001436d31ace0
Event: 209.264 Thread 0x000001436d31ace0 Thread exited: 0x000001436d31ace0


Dynamic libraries:
0x00007ff63f810000 - 0x00007ff63f81e000 	c:\Users\Admin\.vscode\extensions\redhat.java-1.56.0-win32-x64\jre\21.0.12.1-win32-x86_64\bin\java.exe
0x00007ff9fae40000 - 0x00007ff9fb0a7000 	C:\Windows\SYSTEM32\ntdll.dll
0x00007ff9f91b0000 - 0x00007ff9f9279000 	C:\Windows\System32\KERNEL32.DLL
0x00007ff9f8210000 - 0x00007ff9f8600000 	C:\Windows\System32\KERNELBASE.dll
0x00007ff9f4640000 - 0x00007ff9f46de000 	C:\Windows\SYSTEM32\apphelp.dll
0x00007ff9f7f70000 - 0x00007ff9f80bb000 	C:\Windows\System32\ucrtbase.dll
0x00007ff9f23f0000 - 0x00007ff9f2408000 	c:\Users\Admin\.vscode\extensions\redhat.java-1.56.0-win32-x64\jre\21.0.12.1-win32-x86_64\bin\jli.dll
0x00007ff9f2370000 - 0x00007ff9f238e000 	c:\Users\Admin\.vscode\extensions\redhat.java-1.56.0-win32-x64\jre\21.0.12.1-win32-x86_64\bin\VCRUNTIME140.dll
0x00007ff9f9ff0000 - 0x00007ff9fa1b5000 	C:\Windows\System32\USER32.dll
0x00007ff9f8ba0000 - 0x00007ff9f8bc7000 	C:\Windows\System32\win32u.dll
0x00007ff9dc8d0000 - 0x00007ff9dcb6a000 	C:\Windows\WinSxS\amd64_microsoft.windows.common-controls_6595b64144ccf1df_6.0.26100.4768_none_3e0c112ce331287c\COMCTL32.dll
0x00007ff9faaa0000 - 0x00007ff9fab49000 	C:\Windows\System32\msvcrt.dll
0x00007ff9f9e80000 - 0x00007ff9f9eab000 	C:\Windows\System32\GDI32.dll
0x00007ff9f89b0000 - 0x00007ff9f8ae8000 	C:\Windows\System32\gdi32full.dll
0x00007ff9f8af0000 - 0x00007ff9f8b93000 	C:\Windows\System32\msvcp_win.dll
0x00007ff9fac50000 - 0x00007ff9fac7f000 	C:\Windows\System32\IMM32.DLL
0x00007ff9f23e0000 - 0x00007ff9f23ec000 	c:\Users\Admin\.vscode\extensions\redhat.java-1.56.0-win32-x64\jre\21.0.12.1-win32-x86_64\bin\vcruntime140_1.dll
0x00007ff9baf50000 - 0x00007ff9bafdd000 	c:\Users\Admin\.vscode\extensions\redhat.java-1.56.0-win32-x64\jre\21.0.12.1-win32-x86_64\bin\msvcp140.dll
0x00007ff9122b0000 - 0x00007ff913052000 	c:\Users\Admin\.vscode\extensions\redhat.java-1.56.0-win32-x64\jre\21.0.12.1-win32-x86_64\bin\server\jvm.dll
0x00007ff9f9eb0000 - 0x00007ff9f9f64000 	C:\Windows\System32\ADVAPI32.dll
0x00007ff9f9bd0000 - 0x00007ff9f9c76000 	C:\Windows\System32\sechost.dll
0x00007ff9fa4f0000 - 0x00007ff9fa608000 	C:\Windows\System32\RPCRT4.dll
0x00007ff9f9f70000 - 0x00007ff9f9fe4000 	C:\Windows\System32\WS2_32.dll
0x00007ff9f7dd0000 - 0x00007ff9f7e2e000 	C:\Windows\SYSTEM32\POWRPROF.dll
0x00007ff9e7fb0000 - 0x00007ff9e7fbb000 	C:\Windows\SYSTEM32\VERSION.dll
0x00007ff9ef1e0000 - 0x00007ff9ef215000 	C:\Windows\SYSTEM32\WINMM.dll
0x00007ff9f7db0000 - 0x00007ff9f7dc4000 	C:\Windows\SYSTEM32\UMPDC.dll
0x00007ff9f6cb0000 - 0x00007ff9f6ccb000 	C:\Windows\SYSTEM32\kernel.appcore.dll
0x00007ff9f23d0000 - 0x00007ff9f23da000 	c:\Users\Admin\.vscode\extensions\redhat.java-1.56.0-win32-x64\jre\21.0.12.1-win32-x86_64\bin\jimage.dll
0x00007ff9f50a0000 - 0x00007ff9f52e1000 	C:\Windows\SYSTEM32\DBGHELP.DLL
0x00007ff9fa620000 - 0x00007ff9fa9a5000 	C:\Windows\System32\combase.dll
0x00007ff9fa9b0000 - 0x00007ff9faa90000 	C:\Windows\System32\OLEAUT32.dll
0x00007ff9dafa0000 - 0x00007ff9dafe3000 	C:\Windows\SYSTEM32\dbgcore.DLL
0x00007ff9f8910000 - 0x00007ff9f89a9000 	C:\Windows\System32\bcryptPrimitives.dll
0x00007ff9f23c0000 - 0x00007ff9f23cf000 	c:\Users\Admin\.vscode\extensions\redhat.java-1.56.0-win32-x64\jre\21.0.12.1-win32-x86_64\bin\instrument.dll
0x00007ff9f23a0000 - 0x00007ff9f23c0000 	c:\Users\Admin\.vscode\extensions\redhat.java-1.56.0-win32-x64\jre\21.0.12.1-win32-x86_64\bin\java.dll
0x00007ff9f9280000 - 0x00007ff9f99cd000 	C:\Windows\System32\SHELL32.dll
0x00007ff9f8790000 - 0x00007ff9f8903000 	C:\Windows\System32\wintypes.dll
0x00007ff9f5b10000 - 0x00007ff9f6370000 	C:\Windows\SYSTEM32\windows.storage.dll
0x00007ff9fab50000 - 0x00007ff9fac45000 	C:\Windows\System32\SHCORE.dll
0x00007ff9fa480000 - 0x00007ff9fa4ea000 	C:\Windows\System32\shlwapi.dll
0x00007ff9f7e90000 - 0x00007ff9f7eb9000 	C:\Windows\SYSTEM32\profapi.dll
0x00007ff9de100000 - 0x00007ff9de118000 	c:\Users\Admin\.vscode\extensions\redhat.java-1.56.0-win32-x64\jre\21.0.12.1-win32-x86_64\bin\zip.dll
0x00007ff9f2390000 - 0x00007ff9f23a0000 	C:\Users\Admin\.vscode\extensions\redhat.java-1.56.0-win32-x64\jre\21.0.12.1-win32-x86_64\bin\net.dll
0x00007ff9e8920000 - 0x00007ff9e8a3e000 	C:\Windows\SYSTEM32\WINHTTP.dll
0x00007ff9f7220000 - 0x00007ff9f728b000 	C:\Windows\system32\mswsock.dll
0x00007ff9d8540000 - 0x00007ff9d8556000 	C:\Users\Admin\.vscode\extensions\redhat.java-1.56.0-win32-x64\jre\21.0.12.1-win32-x86_64\bin\nio.dll
0x00007ff9f2310000 - 0x00007ff9f2320000 	c:\Users\Admin\.vscode\extensions\redhat.java-1.56.0-win32-x64\jre\21.0.12.1-win32-x86_64\bin\verify.dll
0x00007ff9d0110000 - 0x00007ff9d0155000 	C:\Users\Admin\AppData\Roaming\Code\User\globalStorage\redhat.java\1.56.0\config_win\org.eclipse.equinox.launcher\org.eclipse.equinox.launcher.win32.win32.x86_64_1.3.100.v20260804-1928\eclipse_11924.dll
0x00007ff9fa250000 - 0x00007ff9fa3f0000 	C:\Windows\System32\ole32.dll
0x00007ff9e90c0000 - 0x00007ff9e90ca000 	C:\Users\Admin\.vscode\extensions\redhat.java-1.56.0-win32-x64\jre\21.0.12.1-win32-x86_64\bin\management.dll
0x00007ff9e8fd0000 - 0x00007ff9e8fdc000 	C:\Users\Admin\.vscode\extensions\redhat.java-1.56.0-win32-x64\jre\21.0.12.1-win32-x86_64\bin\management_ext.dll
0x00007ff9fa1c0000 - 0x00007ff9fa1c8000 	C:\Windows\System32\PSAPI.DLL
0x00007ff9f7600000 - 0x00007ff9f761b000 	C:\Windows\SYSTEM32\CRYPTSP.dll
0x00007ff9f6c10000 - 0x00007ff9f6c4b000 	C:\Windows\system32\rsaenh.dll
0x00007ff9f72c0000 - 0x00007ff9f72eb000 	C:\Windows\SYSTEM32\USERENV.dll
0x00007ff9f7e60000 - 0x00007ff9f7e86000 	C:\Windows\SYSTEM32\bcrypt.dll
0x00007ff9f7460000 - 0x00007ff9f746c000 	C:\Windows\SYSTEM32\CRYPTBASE.dll
0x00007ff9f66a0000 - 0x00007ff9f66d3000 	C:\Windows\SYSTEM32\IPHLPAPI.DLL
0x00007ff9fa610000 - 0x00007ff9fa61a000 	C:\Windows\System32\NSI.dll
0x00007ff9bb7e0000 - 0x00007ff9bb829000 	C:\Users\Admin\AppData\Local\Temp\jna-63116079\jna5434368830132049106.dll
0x00007ff9f13c0000 - 0x00007ff9f13df000 	C:\Windows\SYSTEM32\dhcpcsvc6.DLL
0x00007ff9f1370000 - 0x00007ff9f1395000 	C:\Windows\SYSTEM32\dhcpcsvc.DLL

JVMTI agents:
c:\Users\Admin\.vscode\extensions\redhat.java-1.56.0-win32-x64\lombok\lombok-1.18.39-4050.jar path:c:\Users\Admin\.vscode\extensions\redhat.java-1.56.0-win32-x64\jre\21.0.12.1-win32-x86_64\bin\instrument.dll, loaded, initialized, instrumentlib options:none

dbghelp: loaded successfully - version: 4.0.5 - missing functions: none
symbol engine: initialized successfully - sym options: 0x614 - pdb path: .;c:\Users\Admin\.vscode\extensions\redhat.java-1.56.0-win32-x64\jre\21.0.12.1-win32-x86_64\bin;C:\Windows\SYSTEM32;C:\Windows\WinSxS\amd64_microsoft.windows.common-controls_6595b64144ccf1df_6.0.26100.4768_none_3e0c112ce331287c;c:\Users\Admin\.vscode\extensions\redhat.java-1.56.0-win32-x64\jre\21.0.12.1-win32-x86_64\bin\server;C:\Users\Admin\AppData\Roaming\Code\User\globalStorage\redhat.java\1.56.0\config_win\org.eclipse.equinox.launcher\org.eclipse.equinox.launcher.win32.win32.x86_64_1.3.100.v20260804-1928;C:\Users\Admin\AppData\Local\Temp\jna-63116079

VM Arguments:
jvm_args: --add-modules=ALL-SYSTEM --add-opens=java.base/java.util=ALL-UNNAMED --add-opens=java.base/java.lang=ALL-UNNAMED --add-opens=java.base/sun.nio.fs=ALL-UNNAMED -Declipse.application=org.eclipse.jdt.ls.core.id1 -Dosgi.bundles.defaultStartLevel=4 -Declipse.product=org.eclipse.jdt.ls.core.product -Djava.import.generatesMetadataFilesAtProjectRoot=false -Dm2e.project.cache.size=50 -DDetectVMInstallationsJob.disabled=true -Dfile.encoding=utf8 -XX:+UseParallelGC -XX:GCTimeRatio=4 -XX:AdaptiveSizePolicyWeight=90 -Dsun.zip.disableMemoryMapping=true -Xmx2G -Xms100m -Xlog:disable -javaagent:c:\Users\Admin\.vscode\extensions\redhat.java-1.56.0-win32-x64\lombok\lombok-1.18.39-4050.jar -XX:+HeapDumpOnOutOfMemoryError -XX:HeapDumpPath=c:\Users\Admin\AppData\Roaming\Code\User\workspaceStorage\c5bfaad0ac5dc3b05eb2e708e3ac4969\redhat.java -Daether.dependencyCollector.impl=bf 
java_command: c:\Users\Admin\.vscode\extensions\redhat.java-1.56.0-win32-x64\server\plugins\org.eclipse.equinox.launcher_1.8.0.v20260804-1928.jar -configuration c:\Users\Admin\AppData\Roaming\Code\User\globalStorage\redhat.java\1.56.0\config_win -data c:\Users\Admin\AppData\Roaming\Code\User\workspaceStorage\c5bfaad0ac5dc3b05eb2e708e3ac4969\redhat.java\jdt_ws --stdio
java_class_path (initial): c:\Users\Admin\.vscode\extensions\redhat.java-1.56.0-win32-x64\server\plugins\org.eclipse.equinox.launcher_1.8.0.v20260804-1928.jar
Launcher Type: SUN_STANDARD

[Global flags]
    uintx AdaptiveSizePolicyWeight                 = 90                                        {product} {command line}
     intx CICompilerCount                          = 4                                         {product} {ergonomic}
    uintx GCTimeRatio                              = 4                                         {product} {command line}
     bool HeapDumpOnOutOfMemoryError               = true                                   {manageable} {command line}
    ccstr HeapDumpPath                             = c:\Users\Admin\AppData\Roaming\Code\User\workspaceStorage\c5bfaad0ac5dc3b05eb2e708e3ac4969\redhat.java         {manageable} {command line}
   size_t InitialHeapSize                          = 104857600                                 {product} {command line}
   size_t MaxHeapSize                              = 2147483648                                {product} {command line}
   size_t MaxNewSize                               = 715653120                                 {product} {ergonomic}
   size_t MinHeapDeltaBytes                        = 524288                                    {product} {ergonomic}
   size_t MinHeapSize                              = 104857600                                 {product} {command line}
   size_t NewSize                                  = 34603008                                  {product} {ergonomic}
    uintx NonNMethodCodeHeapSize                   = 5839372                                {pd product} {ergonomic}
    uintx NonProfiledCodeHeapSize                  = 122909434                              {pd product} {ergonomic}
   size_t OldSize                                  = 70254592                                  {product} {ergonomic}
    uintx ProfiledCodeHeapSize                     = 122909434                              {pd product} {ergonomic}
    uintx ReservedCodeCacheSize                    = 251658240                              {pd product} {ergonomic}
     bool SegmentedCodeCache                       = true                                      {product} {ergonomic}
   size_t SoftMaxHeapSize                          = 2147483648                             {manageable} {ergonomic}
     bool UseCompressedOops                        = true                           {product lp64_product} {ergonomic}
     bool UseLargePagesIndividualAllocation        = false                                  {pd product} {ergonomic}
     bool UseParallelGC                            = true                                      {product} {command line}

Logging:
Log output configuration:
 #0: stdout all=off uptime,level,tags foldmultilines=false
 #1: stderr all=off uptime,level,tags foldmultilines=false

Release file:
JAVA_VERSION="21.0.12.1" 
MODULES="java.base java.compiler java.datatransfer java.xml java.prefs java.desktop java.instrument java.logging java.management java.security.sasl java.naming java.rmi java.management.rmi java.net.http java.scripting java.security.jgss java.transaction.xa java.sql java.sql.rowset java.xml.crypto java.se java.smartcardio jdk.accessibility jdk.internal.jvmstat jdk.attach jdk.charsets jdk.internal.opt jdk.zipfs jdk.compiler jdk.crypto.ec jdk.crypto.cryptoki jdk.crypto.mscapi jdk.dynalink jdk.internal.ed jdk.editpad jdk.hotspot.agent jdk.httpserver jdk.internal.le jdk.internal.vm.ci jdk.internal.vm.compiler jdk.internal.vm.compiler.management jdk.jartool jdk.javadoc jdk.jcmd jdk.management jdk.management.agent jdk.jconsole jdk.jdeps jdk.jdwp.agent jdk.jdi jdk.jfr jdk.jshell jdk.jsobject jdk.jstatd jdk.localedata jdk.management.jfr jdk.naming.dns jdk.naming.rmi jdk.net jdk.nio.mapmode jdk.random jdk.sctp jdk.security.auth jdk.security.jgss jdk.unsupported jdk.unsupported.desktop jdk.xml.dom" 

Environment Variables:
PATH=C:\Program Files\Common Files\Oracle\Java\javapath;C:\Windows\system32;C:\Windows;C:\Windows\System32\Wbem;C:\Windows\System32\WindowsPowerShell\v1.0\;C:\Windows\System32\OpenSSH\;C:\Program Files\dotnet\;C:\Program Files (x86)\Microsoft SQL Server\160\Tools\Binn\;C:\Program Files\Microsoft SQL Server\160\Tools\Binn\;C:\Program Files\Microsoft SQL Server\Client SDK\ODBC\170\Tools\Binn\;C:\Program Files\Microsoft SQL Server\160\DTS\Binn\;C:\Program Files (x86)\Microsoft SQL Server\160\DTS\Binn\;C:\apache-maven-3.9.11\bin;D:\user\Git\cmd;%JAVA_HOME%\bin;C:\Program Files\Microsoft SQL Server\150\Tools\Binn\;C:\Users\Admin\AppData\Local\Programs\Python\Python310\Scripts\;C:\Users\Admin\AppData\Local\Programs\Python\Python310\;C:\Users\Admin\AppData\Local\Programs\Python\Python314\Scripts\;C:\Users\Admin\AppData\Local\Programs\Python\Python314\;C:\Users\Admin\AppData\Local\Programs\Python\Python313\Scripts\;C:\Users\Admin\AppData\Local\Programs\Python\Python313\;C:\Users\Admin\AppData\Local\Microsoft\WindowsApps;D:\New folder\Microsoft VS Code\bin;C:\Users\Admin\.dotnet\tools
USERNAME=Admin
OS=Windows_NT
PROCESSOR_IDENTIFIER=Intel64 Family 6 Model 140 Stepping 1, GenuineIntel
TMP=C:\Users\Admin\AppData\Local\Temp
TEMP=C:\Users\Admin\AppData\Local\Temp




Periodic native trim disabled

---------------  S Y S T E M  ---------------

OS:
 Windows 11 , 64 bit Build 26100 (10.0.26100.4768)
OS uptime: 0 days 1:42 hours
Hyper-V role detected

CPU: total 8 (initial active 8) (4 cores per cpu, 2 threads per core) family 6 model 140 stepping 1 microcode 0x8a, cx8, cmov, fxsr, ht, mmx, 3dnowpref, sse, sse2, sse3, ssse3, sse4.1, sse4.2, popcnt, lzcnt, tsc, tscinvbit, avx, avx2, aes, erms, clmul, bmi1, bmi2, adx, avx512f, avx512dq, avx512cd, avx512bw, avx512vl, sha, fma, vzeroupper, avx512_vpopcntdq, avx512_vpclmulqdq, avx512_vaes, avx512_vnni, clflush, clflushopt, clwb, avx512_vbmi2, avx512_vbmi, hv, rdtscp, rdpid, fsrm, gfni, avx512_bitalg, f16c, cet_ibt, cet_ss, avx512_ifma
Processor Information for the first 8 processors :
  Max Mhz: 2419, Current Mhz: 2419, Mhz Limit: 2419

Memory: 4k page, system-wide physical 7991M (1246M free)
TotalPageFile size 15991M (AvailPageFile size 2M)
current process WorkingSet (physical memory assigned to process): 906M, peak: 1456M
current process commit charge ("private bytes"): 1593M, peak: 1715M

vm_info: OpenJDK 64-Bit Server VM (21.0.12.1+1-LTS) for windows-amd64 JRE (21.0.12.1+1-LTS), built on 2026-08-18T00:00:00Z by "admin" with MS VC++ 17.12 (VS2022)

END.
